Component: ARM Compiler 5.06 update 6 (build 750) Tool: armlink [4d35ed]

==============================================================================

Section Cross References

    main.o(i.Delay) refers to main.o(.data) for msTicks
    main.o(i.PORTC_PORTD_IRQHandler) refers to main.o(.data) for sw1Pressed
    main.o(i.SysTick_Handler) refers to main.o(.data) for msTicks
    main.o(i.init_systick_interrupt) refers to aeabi_sdiv.o(.text) for __aeabi_uidivmod
    main.o(i.init_systick_interrupt) refers to system_mkl46z4.o(.data) for SystemCoreClock
    main.o(i.main) refers to pin_mux.o(i.BOARD_InitPins) for BOARD_InitPins
    main.o(i.main) refers to clock_config.o(i.BOARD_BootClockRUN) for BOARD_BootClockRUN
    main.o(i.main) refers to board.o(i.BOARD_InitDebugConsole) for BOARD_InitDebugConsole
    main.o(i.main) refers to seg_lcd.o(i.SegLCD_Init) for SegLCD_Init
    main.o(i.main) refers to system_mkl46z4.o(i.SystemInit) for SystemInit
    main.o(i.main) refers to main.o(i.InitLed) for InitLed
    main.o(i.main) refers to main.o(i.InitSwitches) for InitSwitches
    main.o(i.main) refers to main.o(i.init_systick_interrupt) for init_systick_interrupt
    main.o(i.main) refers to seg_lcd.o(i.SegLCD_DisplayDecimal) for SegLCD_DisplayDecimal
    main.o(i.main) refers to main.o(.data) for sw1Pressed
    seg_lcd.o(i.SegLCD_DisplayDecimal) refers to seg_lcd.o(i.SegLCD_DisplayError) for SegLCD_DisplayError
    seg_lcd.o(i.SegLCD_DisplayDecimal) refers to aeabi_sdiv.o(.text) for __aeabi_idivmod
    seg_lcd.o(i.SegLCD_DisplayDecimal) refers to seg_lcd.o(i.SegLCD_Set) for SegLCD_Set
    seg_lcd.o(i.SegLCD_DisplayError) refers to seg_lcd.o(i.SegLCD_Set) for SegLCD_Set
    seg_lcd.o(i.SegLCD_DisplayHex) refers to seg_lcd.o(i.SegLCD_Set) for SegLCD_Set
    seg_lcd.o(i.SegLCD_DisplayTime) refers to seg_lcd.o(i.SegLCD_DisplayError) for SegLCD_DisplayError
    seg_lcd.o(i.SegLCD_DisplayTime) refers to aeabi_sdiv.o(.text) for __aeabi_idivmod
    seg_lcd.o(i.SegLCD_DisplayTime) refers to seg_lcd.o(i.SegLCD_Set) for SegLCD_Set
    seg_lcd.o(i.SegLCD_Set) refers to seg_lcd.o(i.SegLCD_DisplayError) for SegLCD_DisplayError
    seg_lcd.o(i.SegLCD_Set) refers to seg_lcd.o(.constdata) for LCD_Frontplane_Pin
    board.o(i.BOARD_InitDebugConsole) refers to fsl_clock.o(i.CLOCK_GetPllFllSelClkFreq) for CLOCK_GetPllFllSelClkFreq
    board.o(i.BOARD_InitDebugConsole) refers to fsl_debug_console.o(i.DbgConsole_Init) for DbgConsole_Init
    clock_config.o(i.BOARD_BootClockRUN) refers to fsl_clock.o(i.CLOCK_InitOsc0) for CLOCK_InitOsc0
    clock_config.o(i.BOARD_BootClockRUN) refers to clock_config.o(i.CLOCK_CONFIG_SetFllExtRefDiv) for CLOCK_CONFIG_SetFllExtRefDiv
    clock_config.o(i.BOARD_BootClockRUN) refers to fsl_clock.o(i.CLOCK_BootToPeeMode) for CLOCK_BootToPeeMode
    clock_config.o(i.BOARD_BootClockRUN) refers to fsl_clock.o(i.CLOCK_SetInternalRefClkConfig) for CLOCK_SetInternalRefClkConfig
    clock_config.o(i.BOARD_BootClockRUN) refers to fsl_clock.o(i.CLOCK_SetSimConfig) for CLOCK_SetSimConfig
    clock_config.o(i.BOARD_BootClockRUN) refers to clock_config.o(.constdata) for oscConfig_BOARD_BootClockRUN
    clock_config.o(i.BOARD_BootClockRUN) refers to fsl_clock.o(.data) for g_xtal0Freq
    clock_config.o(i.BOARD_BootClockRUN) refers to system_mkl46z4.o(.data) for SystemCoreClock
    clock_config.o(i.BOARD_BootClockVLPR) refers to fsl_clock.o(i.CLOCK_BootToBlpiMode) for CLOCK_BootToBlpiMode
    clock_config.o(i.BOARD_BootClockVLPR) refers to fsl_clock.o(i.CLOCK_SetSimConfig) for CLOCK_SetSimConfig
    clock_config.o(i.BOARD_BootClockVLPR) refers to fsl_smc.o(i.SMC_SetPowerModeVlpr) for SMC_SetPowerModeVlpr
    clock_config.o(i.BOARD_BootClockVLPR) refers to clock_config.o(.constdata) for mcgConfig_BOARD_BootClockVLPR
    clock_config.o(i.BOARD_BootClockVLPR) refers to system_mkl46z4.o(.data) for SystemCoreClock
    clock_config.o(i.BOARD_InitBootClocks) refers to clock_config.o(i.BOARD_BootClockRUN) for BOARD_BootClockRUN
    pin_mux.o(i.BOARD_InitBootPins) refers to pin_mux.o(i.BOARD_InitPins) for BOARD_InitPins
    pin_mux.o(i.BOARD_InitPins) refers to pin_mux.o(i.PORT_SetPinMux) for PORT_SetPinMux
    fsl_clock.o(i.CLOCK_BootToBlpeMode) refers to fsl_clock.o(i.CLOCK_SetExternalRefClkConfig) for CLOCK_SetExternalRefClkConfig
    fsl_clock.o(i.CLOCK_BootToBlpiMode) refers to fsl_clock.o(i.CLOCK_SetInternalRefClkConfig) for CLOCK_SetInternalRefClkConfig
    fsl_clock.o(i.CLOCK_BootToFeeMode) refers to fsl_clock.o(i.CLOCK_SetExternalRefClkConfig) for CLOCK_SetExternalRefClkConfig
    fsl_clock.o(i.CLOCK_BootToFeeMode) refers to fsl_clock.o(i.CLOCK_SetFeeMode) for CLOCK_SetFeeMode
    fsl_clock.o(i.CLOCK_BootToFeiMode) refers to fsl_clock.o(i.CLOCK_SetFeiMode) for CLOCK_SetFeiMode
    fsl_clock.o(i.CLOCK_BootToPeeMode) refers to assert.o(.text) for __aeabi_assert
[...]
    libshutdown2.o(.ARM.Collect$$libshutdown$$0000000D) refers (Weak) to term_alloc.o(.text) for _terminate_alloc
    rtexit2.o(.ARM.Collect$$rtexit$$00000003) refers to libshutdown.o(.ARM.Collect$$libshutdown$$00000000) for __rt_lib_shutdown
    rtexit2.o(.ARM.Collect$$rtexit$$00000004) refers to sys_exit.o(.text) for _sys_exit
    rtexit2.o(.ARM.exidx) refers to rtexit2.o(.ARM.Collect$$rtexit$$00000001) for .ARM.Collect$$rtexit$$00000001
    rtexit2.o(.ARM.exidx) refers to rtexit2.o(.ARM.Collect$$rtexit$$00000003) for .ARM.Collect$$rtexit$$00000003
    rtexit2.o(.ARM.exidx) refers to rtexit2.o(.ARM.Collect$$rtexit$$00000004) for .ARM.Collect$$rtexit$$00000004
    defsig.o(CL$$defsig) refers to defsig_abrt_inner.o(.text) for __rt_SIGABRT_inner
    defsig.o(CL$$defsig) refers to defsig_fpe_inner.o(.text) for __rt_SIGFPE_inner
    defsig.o(CL$$defsig) refers to defsig_rtmem_inner.o(.text) for __rt_SIGRTMEM_inner
    defsig_rtred_inner.o(.text) refers to defsig_general.o(.text) for __default_signal_display
    defsig_stak_inner.o(.text) refers to defsig_general.o(.text) for __default_signal_display
    defsig_pvfn_inner.o(.text) refers to defsig_general.o(.text) for __default_signal_display
    defsig_cppl_inner.o(.text) refers to defsig_general.o(.text) for __default_signal_display
    defsig_segv_inner.o(.text) refers to defsig_general.o(.text) for __default_signal_display
    defsig_other.o(.text) refers to defsig_general.o(.text) for __default_signal_display
    libshutdown.o(.ARM.Collect$$libshutdown$$00000000) refers (Special) to libshutdown2.o(.ARM.Collect$$libshutdown$$00000002) for __rt_lib_shutdown_cpp_1
    libshutdown.o(.ARM.Collect$$libshutdown$$00000000) refers (Special) to libshutdown2.o(.ARM.Collect$$libshutdown$$00000007) for __rt_lib_shutdown_fp_trap_1
    libshutdown.o(.ARM.Collect$$libshutdown$$00000000) refers (Special) to libshutdown2.o(.ARM.Collect$$libshutdown$$0000000F) for __rt_lib_shutdown_heap_1
    libshutdown.o(.ARM.Collect$$libshutdown$$00000000) refers (Special) to libshutdown2.o(.ARM.Collect$$libshutdown$$00000010) for __rt_lib_shutdown_return
    libshutdown.o(.ARM.Collect$$libshutdown$$00000000) refers (Special) to libshutdown2.o(.ARM.Collect$$libshutdown$$0000000A) for __rt_lib_shutdown_signal_1
    libshutdown.o(.ARM.Collect$$libshutdown$$00000000) refers (Special) to libshutdown2.o(.ARM.Collect$$libshutdown$$00000004) for __rt_lib_shutdown_stdio_1
    libshutdown.o(.ARM.Collect$$libshutdown$$00000000) refers (Special) to libshutdown2.o(.ARM.Collect$$libshutdown$$0000000C) for __rt_lib_shutdown_user_alloc_1


==============================================================================

Removing Unused input sections from the image.

    Removing main.o(.rev16_text), (4 bytes).
    Removing main.o(.revsh_text), (4 bytes).
    Removing main.o(i.Delay), (24 bytes).
    Removing seg_lcd.o(.rev16_text), (4 bytes).
    Removing seg_lcd.o(.revsh_text), (4 bytes).
    Removing seg_lcd.o(i.SegLCD_DisplayHex), (56 bytes).
    Removing seg_lcd.o(i.SegLCD_DisplayTime), (132 bytes).
    Removing board.o(.rev16_text), (4 bytes).
    Removing board.o(.revsh_text), (4 bytes).
    Removing clock_config.o(.rev16_text), (4 bytes).
    Removing clock_config.o(.revsh_text), (4 bytes).
    Removing clock_config.o(i.BOARD_BootClockVLPR), (92 bytes).
    Removing clock_config.o(i.BOARD_InitBootClocks), (8 bytes).
    Removing peripherals.o(i.BOARD_InitBootPeripherals), (2 bytes).
    Removing pin_mux.o(.rev16_text), (4 bytes).
    Removing pin_mux.o(.revsh_text), (4 bytes).
    Removing pin_mux.o(i.BOARD_InitBootPins), (8 bytes).
    Removing fsl_clock.o(.rev16_text), (4 bytes).
    Removing fsl_clock.o(.revsh_text), (4 bytes).
    Removing fsl_clock.o(i.CLOCK_BootToBlpeMode), (84 bytes).
    Removing fsl_clock.o(i.CLOCK_BootToBlpiMode), (68 bytes).
    Removing fsl_clock.o(i.CLOCK_BootToFeeMode), (30 bytes).
    Removing fsl_clock.o(i.CLOCK_BootToFeiMode), (20 bytes).
    Removing fsl_clock.o(i.CLOCK_CalcPllDiv), (256 bytes).
    Removing fsl_clock.o(i.CLOCK_ClearStatusFlags), (40 bytes).
    Removing fsl_clock.o(i.CLOCK_DeinitOsc0), (28 bytes).
    Removing fsl_clock.o(i.CLOCK_EnableUsbfs0Clock), (108 bytes).
    Removing fsl_clock.o(i.CLOCK_ExternalModeToFbeModeQuick), (76 bytes).
    Removing fsl_clock.o(i.CLOCK_FllStableDelay), (28 bytes).
    Removing fsl_clock.o(i.CLOCK_GetBusClkFreq), (56 bytes).
    Removing fsl_clock.o(i.CLOCK_GetCoreSysClkFreq), (28 bytes).
    Removing fsl_clock.o(i.CLOCK_GetEr32kClkFreq), (180 bytes).
    Removing fsl_clock.o(i.CLOCK_GetFixedFreqClkFreq), (30 bytes).
    Removing fsl_clock.o(i.CLOCK_GetFlashClkFreq), (56 bytes).
    Removing fsl_clock.o(i.CLOCK_GetFreq), (176 bytes).
    Removing fsl_clock.o(i.CLOCK_GetInternalRefClkFreq), (28 bytes).
    Removing fsl_clock.o(i.CLOCK_GetInternalRefClkSelectFreq), (48 bytes).
    Removing fsl_clock.o(i.CLOCK_GetMode), (120 bytes).
    Removing fsl_clock.o(i.CLOCK_GetOsc0ErClkFreq), (132 bytes).
    Removing fsl_clock.o(i.CLOCK_GetOutClkFreq), (64 bytes).
    Removing fsl_clock.o(i.CLOCK_GetPlatClkFreq), (28 bytes).
    Removing fsl_clock.o(i.CLOCK_GetStatusFlags), (64 bytes).
    Removing fsl_clock.o(i.CLOCK_InternalModeToFbiModeQuick), (52 bytes).
    Removing fsl_clock.o(i.CLOCK_SetBlpeMode), (20 bytes).
    Removing fsl_clock.o(i.CLOCK_SetBlpiMode), (20 bytes).
    Removing fsl_clock.o(i.CLOCK_SetFbeMode), (220 bytes).
    Removing fsl_clock.o(i.CLOCK_SetFbiMode), (152 bytes).
    Removing fsl_clock.o(i.CLOCK_SetFeeMode), (188 bytes).
    Removing fsl_clock.o(i.CLOCK_SetFeiMode), (140 bytes).
    Removing fsl_clock.o(i.CLOCK_SetMcgConfig), (292 bytes).
    Removing fsl_clock.o(i.CLOCK_SetOsc0MonitorMode), (80 bytes).
    Removing fsl_clock.o(i.CLOCK_SetPeeMode), (36 bytes).
    Removing fsl_clock.o(i.CLOCK_SetPll0MonitorMode), (68 bytes).
    Removing fsl_clock.o(i.CLOCK_TrimInternalRefClk), (248 bytes).
    Removing fsl_common.o(.rev16_text), (4 bytes).
    Removing fsl_common.o(.revsh_text), (4 bytes).
    Removing fsl_common.o(i.SDK_Free), (32 bytes).
    Removing fsl_common.o(i.SDK_Malloc), (76 bytes).
    Removing fsl_ftfx_cache.o(.rev16_text), (4 bytes).
    Removing fsl_ftfx_cache.o(.revsh_text), (4 bytes).
    Removing fsl_ftfx_cache.o(i.FTFx_CACHE_ClearCachePrefetchSpeculation), (20 bytes).
    Removing fsl_ftfx_cache.o(i.FTFx_CACHE_Init), (36 bytes).
    Removing fsl_ftfx_cache.o(i.FTFx_CACHE_PflashGetPrefetchSpeculation), (56 bytes).
    Removing fsl_ftfx_cache.o(i.FTFx_CACHE_PflashSetPrefetchSpeculation), (92 bytes).
    Removing fsl_ftfx_cache.o(i.ftfx_copy_common_bit_operation_to_ram), (20 bytes).
    Removing fsl_ftfx_cache.o(i.mcm_flash_cache_clear), (28 bytes).
    Removing fsl_ftfx_cache.o(.bss), (64 bytes).
    Removing fsl_ftfx_cache.o(.constdata), (28 bytes).
    Removing fsl_ftfx_controller.o(.rev16_text), (4 bytes).
    Removing fsl_ftfx_controller.o(.revsh_text), (4 bytes).
    Removing fsl_ftfx_controller.o(i.FTFx_API_Init), (48 bytes).
    Removing fsl_ftfx_controller.o(i.FTFx_CMD_Erase), (144 bytes).
    Removing fsl_ftfx_controller.o(i.FTFx_CMD_EraseAll), (56 bytes).
    Removing fsl_ftfx_controller.o(i.FTFx_CMD_EraseAllExecuteOnlySegments), (56 bytes).
    Removing fsl_ftfx_controller.o(i.FTFx_CMD_Program), (152 bytes).
    Removing fsl_ftfx_controller.o(i.FTFx_CMD_ProgramOnce), (144 bytes).
    Removing fsl_ftfx_controller.o(i.FTFx_CMD_ReadOnce), (152 bytes).
    Removing fsl_ftfx_controller.o(i.FTFx_CMD_ReadResource), (176 bytes).
    Removing fsl_ftfx_controller.o(i.FTFx_CMD_SecurityBypass), (108 bytes).
    Removing fsl_ftfx_controller.o(i.FTFx_CMD_VerifyErase), (180 bytes).
    Removing fsl_ftfx_controller.o(i.FTFx_CMD_VerifyEraseAll), (48 bytes).
    Removing fsl_ftfx_controller.o(i.FTFx_CMD_VerifyEraseAllExecuteOnlySegments), (48 bytes).
    Removing fsl_ftfx_controller.o(i.FTFx_CMD_VerifyProgram), (156 bytes).
    Removing fsl_ftfx_controller.o(i.FTFx_REG_GetSecurityState), (72 bytes).
    Removing fsl_ftfx_controller.o(i.ftfx_check_mem_range), (58 bytes).
    Removing fsl_ftfx_controller.o(i.ftfx_check_resource_range), (90 bytes).
    Removing fsl_ftfx_controller.o(i.ftfx_check_user_key), (20 bytes).
    Removing fsl_ftfx_controller.o(i.ftfx_command_sequence), (68 bytes).
    Removing fsl_ftfx_controller.o(i.ftfx_copy_run_command_to_ram), (20 bytes).
    Removing fsl_ftfx_controller.o(i.ftfx_init_ifr), (70 bytes).
    Removing fsl_ftfx_controller.o(i.ftfx_read_word_from_byte_address), (42 bytes).
    Removing fsl_ftfx_controller.o(i.ftfx_write_word_to_byte_address), (36 bytes).
    Removing fsl_ftfx_controller.o(.bss), (64 bytes).
    Removing fsl_ftfx_controller.o(.constdata), (12 bytes).
    Removing fsl_ftfx_flash.o(.rev16_text), (4 bytes).
    Removing fsl_ftfx_flash.o(.revsh_text), (4 bytes).
    Removing fsl_ftfx_flash.o(i.FLASH_Erase), (82 bytes).
    Removing fsl_ftfx_flash.o(i.FLASH_EraseAll), (16 bytes).
    Removing fsl_ftfx_flash.o(i.FLASH_GetProperty), (138 bytes).
    Removing fsl_ftfx_flash.o(i.FLASH_GetSecurityState), (16 bytes).
    Removing fsl_ftfx_flash.o(i.FLASH_Init), (542 bytes).
    Removing fsl_ftfx_flash.o(i.FLASH_IsExecuteOnly), (66 bytes).
    Removing fsl_ftfx_flash.o(i.FLASH_IsProtected), (404 bytes).
    Removing fsl_ftfx_flash.o(i.FLASH_PflashGetProtection), (60 bytes).
    Removing fsl_ftfx_flash.o(i.FLASH_PflashSetProtection), (80 bytes).
    Removing fsl_ftfx_flash.o(i.FLASH_Program), (82 bytes).
    Removing fsl_ftfx_flash.o(i.FLASH_ReadResource), (30 bytes).
    Removing fsl_ftfx_flash.o(i.FLASH_SecurityBypass), (16 bytes).
    Removing fsl_ftfx_flash.o(i.FLASH_VerifyErase), (82 bytes).
    Removing fsl_ftfx_flash.o(i.FLASH_VerifyEraseAll), (16 bytes).
    Removing fsl_ftfx_flash.o(i.FLASH_VerifyProgram), (88 bytes).
    Removing fsl_ftfx_flash.o(i.flash_calculate_mem_size), (44 bytes).
    Removing fsl_ftfx_flash.o(i.flash_calculate_prot_segment_size), (32 bytes).
    Removing fsl_ftfx_flash.o(i.flash_check_range_to_get_index), (80 bytes).
    Removing fsl_ftfx_flash.o(i.flash_convert_start_address), (46 bytes).
    Removing fsl_ftfx_flash.o(i.flash_init_features), (66 bytes).
    Removing fsl_ftfx_flash.o(.constdata), (30 bytes).
    Removing fsl_ftfx_flexnvm.o(.rev16_text), (4 bytes).
    Removing fsl_ftfx_flexnvm.o(.revsh_text), (4 bytes).
    Removing fsl_gpio.o(.rev16_text), (4 bytes).
    Removing fsl_gpio.o(.revsh_text), (4 bytes).
    Removing fsl_gpio.o(i.FGPIO_GetInstance), (152 bytes).
    Removing fsl_gpio.o(i.FGPIO_PinInit), (156 bytes).
    Removing fsl_gpio.o(i.FGPIO_PortClearInterruptFlags), (32 bytes).
    Removing fsl_gpio.o(i.FGPIO_PortGetInterruptFlags), (28 bytes).
    Removing fsl_gpio.o(i.GPIO_GetInstance), (152 bytes).
    Removing fsl_gpio.o(i.GPIO_PinInit), (156 bytes).
    Removing fsl_gpio.o(i.GPIO_PortClearInterruptFlags), (32 bytes).
    Removing fsl_gpio.o(i.GPIO_PortGetInterruptFlags), (28 bytes).
    Removing fsl_gpio.o(.constdata), (60 bytes).
    Removing fsl_i2c.o(.rev16_text), (4 bytes).
    Removing fsl_i2c.o(.revsh_text), (4 bytes).
    Removing fsl_i2c.o(i.CLOCK_DisableClock), (24 bytes).
    Removing fsl_i2c.o(i.CLOCK_EnableClock), (24 bytes).
    Removing fsl_i2c.o(i.EnableIRQ), (44 bytes).
    Removing fsl_i2c.o(i.I2C_CheckAndClearError), (40 bytes).
    Removing fsl_i2c.o(i.I2C_DisableInterrupts), (34 bytes).
    Removing fsl_i2c.o(i.I2C_Enable), (24 bytes).
    Removing fsl_i2c.o(i.I2C_EnableInterrupts), (44 bytes).
    Removing fsl_i2c.o(i.I2C_GetInstance), (152 bytes).
    Removing fsl_i2c.o(i.I2C_InitTransferStateMachine), (164 bytes).
    Removing fsl_i2c.o(i.I2C_MasterClearStatusFlags), (44 bytes).
    Removing fsl_i2c.o(i.I2C_MasterDeinit), (36 bytes).
    Removing fsl_i2c.o(i.I2C_MasterGetDefaultConfig), (124 bytes).
    Removing fsl_i2c.o(i.I2C_MasterGetStatusFlags), (34 bytes).
    Removing fsl_i2c.o(i.I2C_MasterInit), (240 bytes).
    Removing fsl_i2c.o(i.I2C_MasterReadBlocking), (146 bytes).
    Removing fsl_i2c.o(i.I2C_MasterRepeatedStart), (108 bytes).
    Removing fsl_i2c.o(i.I2C_MasterSetBaudRate), (140 bytes).
    Removing fsl_i2c.o(i.I2C_MasterStart), (68 bytes).
    Removing fsl_i2c.o(i.I2C_MasterStop), (26 bytes).
    Removing fsl_i2c.o(i.I2C_MasterTransferAbort), (212 bytes).
    Removing fsl_i2c.o(i.I2C_MasterTransferBlocking), (468 bytes).
    Removing fsl_i2c.o(i.I2C_MasterTransferCreateHandle), (164 bytes).
    Removing fsl_i2c.o(i.I2C_MasterTransferGetCount), (120 bytes).
    Removing fsl_i2c.o(i.I2C_MasterTransferHandleIRQ), (220 bytes).
    Removing fsl_i2c.o(i.I2C_MasterTransferNonBlocking), (168 bytes).
    Removing fsl_i2c.o(i.I2C_MasterTransferRunStateMachine), (396 bytes).
    Removing fsl_i2c.o(i.I2C_MasterWriteBlocking), (168 bytes).
    Removing fsl_i2c.o(i.I2C_SetHoldTime), (160 bytes).
    Removing fsl_i2c.o(i.I2C_SlaveDeinit), (36 bytes).
    Removing fsl_i2c.o(i.I2C_SlaveGetDefaultConfig), (124 bytes).
    Removing fsl_i2c.o(i.I2C_SlaveInit), (352 bytes).
    Removing fsl_i2c.o(i.I2C_SlaveReadBlocking), (116 bytes).
    Removing fsl_i2c.o(i.I2C_SlaveTransferAbort), (128 bytes).
    Removing fsl_i2c.o(i.I2C_SlaveTransferCreateHandle), (164 bytes).
    Removing fsl_i2c.o(i.I2C_SlaveTransferGetCount), (128 bytes).
    Removing fsl_i2c.o(i.I2C_SlaveTransferHandleIRQ), (628 bytes).
    Removing fsl_i2c.o(i.I2C_SlaveTransferNonBlocking), (172 bytes).
    Removing fsl_i2c.o(i.I2C_SlaveWriteBlocking), (92 bytes).
    Removing fsl_i2c.o(.constdata), (148 bytes).
    Removing fsl_lpsci.o(.rev16_text), (4 bytes).
    Removing fsl_lpsci.o(.revsh_text), (4 bytes).
    Removing fsl_lpsci.o(i.LPSCI_ClearStatusFlags), (96 bytes).
    Removing fsl_lpsci.o(i.LPSCI_Deinit), (56 bytes).
    Removing fsl_lpsci.o(i.LPSCI_DisableInterrupts), (32 bytes).
    Removing fsl_lpsci.o(i.LPSCI_EnableInterrupts), (32 bytes).
    Removing fsl_lpsci.o(i.LPSCI_GetEnabledInterrupts), (32 bytes).
    Removing fsl_lpsci.o(i.LPSCI_GetStatusFlags), (14 bytes).
    Removing fsl_lpsci.o(i.LPSCI_ReadBlocking), (228 bytes).
    Removing fsl_lpsci.o(i.LPSCI_ReadNonBlocking), (112 bytes).
    Removing fsl_lpsci.o(i.LPSCI_SetBaudRate), (324 bytes).
    Removing fsl_lpsci.o(i.LPSCI_TransferAbortReceive), (144 bytes).
    Removing fsl_lpsci.o(i.LPSCI_TransferAbortSend), (120 bytes).
    Removing fsl_lpsci.o(i.LPSCI_TransferCreateHandle), (208 bytes).
    Removing fsl_lpsci.o(i.LPSCI_TransferGetReceiveCount), (152 bytes).
    Removing fsl_lpsci.o(i.LPSCI_TransferGetRxRingBufferLength), (124 bytes).
    Removing fsl_lpsci.o(i.LPSCI_TransferGetSendCount), (152 bytes).
    Removing fsl_lpsci.o(i.LPSCI_TransferHandleErrorIRQ), (2 bytes).
    Removing fsl_lpsci.o(i.LPSCI_TransferHandleIRQ), (708 bytes).
    Removing fsl_lpsci.o(i.LPSCI_TransferIsRxRingBufferFull), (116 bytes).
    Removing fsl_lpsci.o(i.LPSCI_TransferReceiveNonBlocking), (456 bytes).
    Removing fsl_lpsci.o(i.LPSCI_TransferSendNonBlocking), (240 bytes).
    Removing fsl_lpsci.o(i.LPSCI_TransferStartRingBuffer), (172 bytes).
    Removing fsl_lpsci.o(i.LPSCI_TransferStopRingBuffer), (148 bytes).
    Removing fsl_lpsci.o(i.LPSCI_WriteBlocking), (132 bytes).
    Removing fsl_lpsci.o(i.LPSCI_WriteNonBlocking), (112 bytes).
    Removing fsl_smc.o(.rev16_text), (4 bytes).
    Removing fsl_smc.o(.revsh_text), (4 bytes).
    Removing fsl_smc.o(i.DisableGlobalIRQ), (12 bytes).
    Removing fsl_smc.o(i.EnableGlobalIRQ), (10 bytes).
    Removing fsl_smc.o(i.SMC_PostExitStopModes), (44 bytes).
    Removing fsl_smc.o(i.SMC_PostExitWaitModes), (32 bytes).
    Removing fsl_smc.o(i.SMC_PreEnterStopModes), (48 bytes).
    Removing fsl_smc.o(i.SMC_PreEnterWaitModes), (32 bytes).
    Removing fsl_smc.o(i.SMC_SetPowerModeLls), (88 bytes).
    Removing fsl_smc.o(i.SMC_SetPowerModeRun), (20 bytes).
    Removing fsl_smc.o(i.SMC_SetPowerModeStop), (108 bytes).
    Removing fsl_smc.o(i.SMC_SetPowerModeVlls), (136 bytes).
    Removing fsl_smc.o(i.SMC_SetPowerModeVlpr), (22 bytes).
    Removing fsl_smc.o(i.SMC_SetPowerModeVlps), (88 bytes).
    Removing fsl_smc.o(i.SMC_SetPowerModeVlpw), (56 bytes).
    Removing fsl_smc.o(i.SMC_SetPowerModeWait), (56 bytes).
    Removing fsl_smc.o(.constdata), (2 bytes).
    Removing fsl_smc.o(.data), (4 bytes).
    Removing fsl_uart.o(.rev16_text), (4 bytes).
    Removing fsl_uart.o(.revsh_text), (4 bytes).
    Removing fsl_uart.o(i.UART1_RX_TX_DriverIRQHandler), (8 bytes).
    Removing fsl_uart.o(i.UART2_RX_TX_DriverIRQHandler), (8 bytes).
    Removing fsl_uart.o(i.UART_ClearStatusFlags), (76 bytes).
    Removing fsl_uart.o(i.UART_Deinit), (60 bytes).
    Removing fsl_uart.o(i.UART_DisableInterrupts), (32 bytes).
    Removing fsl_uart.o(i.UART_EnableInterrupts), (32 bytes).
    Removing fsl_uart.o(i.UART_GetEnabledInterrupts), (32 bytes).
    Removing fsl_uart.o(i.UART_GetStatusFlags), (14 bytes).
    Removing fsl_uart.o(i.UART_ReadBlocking), (200 bytes).
    Removing fsl_uart.o(i.UART_ReadNonBlocking), (116 bytes).
    Removing fsl_uart.o(i.UART_SetBaudRate), (228 bytes).
    Removing fsl_uart.o(i.UART_TransferAbortReceive), (144 bytes).
    Removing fsl_uart.o(i.UART_TransferAbortSend), (120 bytes).
    Removing fsl_uart.o(i.UART_TransferCreateHandle), (208 bytes).
    Removing fsl_uart.o(i.UART_TransferGetReceiveCount), (160 bytes).
    Removing fsl_uart.o(i.UART_TransferGetRxRingBufferLength), (124 bytes).
    Removing fsl_uart.o(i.UART_TransferGetSendCount), (152 bytes).
    Removing fsl_uart.o(i.UART_TransferHandleErrorIRQ), (2 bytes).
    Removing fsl_uart.o(i.UART_TransferHandleIRQ), (732 bytes).
    Removing fsl_uart.o(i.UART_TransferIsRxRingBufferFull), (116 bytes).
    Removing fsl_uart.o(i.UART_TransferReceiveNonBlocking), (456 bytes).
    Removing fsl_uart.o(i.UART_TransferSendNonBlocking), (240 bytes).
    Removing fsl_uart.o(i.UART_TransferStartRingBuffer), (172 bytes).
    Removing fsl_uart.o(i.UART_TransferStopRingBuffer), (148 bytes).
    Removing fsl_uart.o(i.UART_WriteBlocking), (32 bytes).
    Removing fsl_uart.o(i.UART_WriteNonBlocking), (116 bytes).
    Removing fsl_debug_console.o(.rev16_text), (4 bytes).
    Removing fsl_debug_console.o(.revsh_text), (4 bytes).
    Removing fsl_debug_console.o(i.DbgConsole_Deinit), (10 bytes).
    Removing fsl_debug_console.o(i.DbgConsole_Flush), (8 bytes).
    Removing fsl_debug_console.o(i.DbgConsole_Getchar), (14 bytes).
    Removing fsl_debug_console.o(i.DbgConsole_Printf), (68 bytes).
    Removing fsl_debug_console.o(i.DbgConsole_Putchar), (12 bytes).
    Removing fsl_debug_console.o(i.DbgConsole_RelocateLog), (58 bytes).
    Removing fsl_debug_console.o(i.DbgConsole_Scanf), (54 bytes).
    Removing fsl_debug_console.o(i._read), (28 bytes).
    Removing fsl_debug_console.o(i._write), (42 bytes).
    Removing fsl_io.o(.rev16_text), (4 bytes).
    Removing fsl_io.o(.revsh_text), (4 bytes).
    Removing fsl_io.o(i.IO_Deinit), (76 bytes).
    Removing fsl_io.o(i.IO_Transfer), (112 bytes).
    Removing fsl_io.o(i.IO_WaitIdle), (68 bytes).
    Removing fsl_log.o(.rev16_text), (4 bytes).
    Removing fsl_log.o(.revsh_text), (4 bytes).
    Removing fsl_log.o(i.LOG_Deinit), (8 bytes).
    Removing fsl_log.o(i.LOG_Pop), (42 bytes).
    Removing fsl_log.o(i.LOG_Push), (52 bytes).
    Removing fsl_log.o(i.LOG_ReadCharacter), (64 bytes).
    Removing fsl_log.o(i.LOG_ReadLine), (116 bytes).
    Removing fsl_log.o(i.LOG_ReadOneCharacter), (26 bytes).
    Removing fsl_log.o(i.LOG_WaitIdle), (10 bytes).
    Removing fsl_log.o(.conststring), (67 bytes).
    Removing fsl_str.o(.rev16_text), (4 bytes).
    Removing fsl_str.o(.revsh_text), (4 bytes).
    Removing fsl_str.o(i.ConvertRadixNumToString), (196 bytes).
    Removing fsl_str.o(i.ScanIgnoreWhiteSpace), (50 bytes).
    Removing fsl_str.o(i.StrFormatPrintf), (562 bytes).
    Removing fsl_str.o(i.StrFormatScanf), (1052 bytes).
    Removing system_mkl46z4.o(.rev16_text), (4 bytes).
    Removing system_mkl46z4.o(.revsh_text), (4 bytes).
    Removing system_mkl46z4.o(i.SystemCoreClockUpdate), (400 bytes).

278 unused section(s) (total 26311 bytes) removed from the image.

==============================================================================

Image Symbol Table

    Local Symbols

    Symbol Name                              Value     Ov Type        Size  Object(Section)

    RESET                                    0x00000000   Section      192  startup_mkl46z4.o(RESET)
    ../clib/angel/boardlib.s                 0x00000000   Number         0  boardinit3.o ABSOLUTE
    ../clib/angel/boardlib.s                 0x00000000   Number         0  boardinit2.o ABSOLUTE
    ../clib/angel/boardlib.s                 0x00000000   Number         0  boardshut.o ABSOLUTE
    ../clib/angel/boardlib.s                 0x00000000   Number         0  boardinit1.o ABSOLUTE
    ../clib/angel/handlers.s                 0x00000000   Number         0  __scatter_copy.o ABSOLUTE
    ../clib/angel/handlers.s                 0x00000000   Number         0  __scatter_zi.o ABSOLUTE
    ../clib/angel/kernel.s                   0x00000000   Number         0  __rtentry7.o ABSOLUTE
    ../clib/angel/kernel.s                   0x00000000   Number         0  __rtentry2.o ABSOLUTE
    ../clib/angel/kernel.s                   0x00000000   Number         0  __rtentry.o ABSOLUTE
    ../clib/angel/kernel.s                   0x00000000   Number         0  rtexit2.o ABSOLUTE
    ../clib/angel/kernel.s                   0x00000000   Number         0  rtexit.o ABSOLUTE
    ../clib/angel/kernel.s                   0x00000000   Number         0  __rtentry4.o ABSOLUTE
    ../clib/angel/rt.s                       0x00000000   Number         0  rt_raise.o ABSOLUTE
    ../clib/angel/rt.s                       0x00000000   Number         0  aeabi_idiv0.o ABSOLUTE
    ../clib/angel/rt.s                       0x00000000   Number         0  aeabi_idiv0_sigfpe.o ABSOLUTE
    ../clib/angel/rt.s                       0x00000000   Number         0  rt_heap_descriptor_intlibspace.o ABSOLUTE
    ../clib/angel/rt.s                       0x00000000   Number         0  rt_heap_descriptor.o ABSOLUTE
    ../clib/angel/rt.s                       0x00000000   Number         0  rt_div0.o ABSOLUTE
    ../clib/angel/scatterp.s                 0x00000000   Number         0  __scatter.o ABSOLUTE
    ../clib/angel/startup.s                  0x00000000   Number         0  __main.o ABSOLUTE
    ../clib/angel/sys.s                      0x00000000   Number         0  tempstk.o ABSOLUTE
    ../clib/angel/sys.s                      0x00000000   Number         0  sys_stackheap.o ABSOLUTE
    ../clib/angel/sys.s                      0x00000000   Number         0  libspace.o ABSOLUTE
    ../clib/angel/sys.s                      0x00000000   Number         0  mutex_dummy.o ABSOLUTE
    ../clib/angel/sys.s                      0x00000000   Number         0  use_no_semi.o ABSOLUTE
    ../clib/angel/sys.s                      0x00000000   Number         0  indicate_semi.o ABSOLUTE
    ../clib/angel/sys.s                      0x00000000   Number         0  sys_stackheap_outer.o ABSOLUTE
    ../clib/angel/sysapp.c                   0x00000000   Number         0  sys_exit.o ABSOLUTE
    ../clib/angel/sysapp.c                   0x00000000   Number         0  sys_wrch.o ABSOLUTE
    ../clib/angel/sysapp.c                   0x00000000   Number         0  sys_command.o ABSOLUTE
    ../clib/armsys.c                         0x00000000   Number         0  no_argv.o ABSOLUTE
    ../clib/armsys.c                         0x00000000   Number         0  _get_argv_nomalloc.o ABSOLUTE
    ../clib/armsys.c                         0x00000000   Number         0  _get_argv.o ABSOLUTE
    ../clib/armsys.c                         0x00000000   Number         0  argv_veneer.o ABSOLUTE
    ../clib/assert.c                         0x00000000   Number         0  assert.o ABSOLUTE
    ../clib/assert.c                         0x00000000   Number         0  assert_puts.o ABSOLUTE
    ../clib/division.s                       0x00000000   Number         0  aeabi_sdiv.o ABSOLUTE
    ../clib/division.s                       0x00000000   Number         0  aeabi_sdiv_div0.o ABSOLUTE
    ../clib/heap1.c                          0x00000000   Number         0  h1_extend_mt.o ABSOLUTE
    ../clib/heap1.c                          0x00000000   Number         0  h1_init_mt.o ABSOLUTE
    ../clib/heap1.c                          0x00000000   Number         0  h1_alloc.o ABSOLUTE
    ../clib/heap1.c                          0x00000000   Number         0  h1_free.o ABSOLUTE
    ../clib/heap1.c                          0x00000000   Number         0  h1_alloc_mt.o ABSOLUTE
    ../clib/heap1.c                          0x00000000   Number         0  h1_free_mt.o ABSOLUTE
    ../clib/heap1.c                          0x00000000   Number         0  h1_init.o ABSOLUTE
    ../clib/heap1.c                          0x00000000   Number         0  h1_final_mt.o ABSOLUTE
    ../clib/heap1.c                          0x00000000   Number         0  h1_final.o ABSOLUTE
    ../clib/heap1.c                          0x00000000   Number         0  h1_extend.o ABSOLUTE
    ../clib/heap2.c                          0x00000000   Number         0  heap2.o ABSOLUTE
    ../clib/heap2.c                          0x00000000   Number         0  fdtree.o ABSOLUTE
    ../clib/heap2.c                          0x00000000   Number         0  heap2mt.o ABSOLUTE
    ../clib/heapalloc.c                      0x00000000   Number         0  malloc.o ABSOLUTE
    ../clib/heapalloc.c                      0x00000000   Number         0  free.o ABSOLUTE
    ../clib/heapalloc.c                      0x00000000   Number         0  term_alloc.o ABSOLUTE
    ../clib/heapalloc.c                      0x00000000   Number         0  maybetermalloc2.o ABSOLUTE
    ../clib/heapalloc.c                      0x00000000   Number         0  maybetermalloc1.o ABSOLUTE
    ../clib/heapalloc.c                      0x00000000   Number         0  maybetermalloc1.o ABSOLUTE
    ../clib/heapalloc.c                      0x00000000   Number         0  maybetermalloc2.o ABSOLUTE
    ../clib/heapalloc.c                      0x00000000   Number         0  heapstubs.o ABSOLUTE
    ../clib/heapalloc.c                      0x00000000   Number         0  init_alloc.o ABSOLUTE
    ../clib/heapalloc.c                      0x00000000   Number         0  hguard.o ABSOLUTE
    ../clib/heapalloc.c                      0x00000000   Number         0  hrguard.o ABSOLUTE
    ../clib/heapaux.c                        0x00000000   Number         0  heapauxi.o ABSOLUTE
    ../clib/heapaux.c                        0x00000000   Number         0  heapauxa.o ABSOLUTE
    ../clib/libinit.s                        0x00000000   Number         0  libinit5.o ABSOLUTE
    ../clib/libinit.s                        0x00000000   Number         0  libshutdown2.o ABSOLUTE
    ../clib/libinit.s                        0x00000000   Number         0  libinit2.o ABSOLUTE
    ../clib/libinit.s                        0x00000000   Number         0  libinit.o ABSOLUTE
    ../clib/libinit.s                        0x00000000   Number         0  libshutdown.o ABSOLUTE
    ../clib/memcpset.c                       0x00000000   Number         0  rt_memclr.o ABSOLUTE
    ../clib/memcpset.c                       0x00000000   Number         0  rt_memcpy.o ABSOLUTE
    ../clib/memcpset.c                       0x00000000   Number         0  rt_memcpy.o ABSOLUTE
    ../clib/signal.c                         0x00000000   Number         0  defsig_fpe_formal.o ABSOLUTE
    ../clib/signal.c                         0x00000000   Number         0  defsig_fpe_outer.o ABSOLUTE
    ../clib/signal.c                         0x00000000   Number         0  defsig_abrt_inner.o ABSOLUTE
    ../clib/signal.c                         0x00000000   Number         0  defsig_exit.o ABSOLUTE
    ../clib/signal.c                         0x00000000   Number         0  __raise.o ABSOLUTE
    ../clib/signal.c                         0x00000000   Number         0  defsig_general.o ABSOLUTE
    ../clib/signal.c                         0x00000000   Number         0  defsig_segv_inner.o ABSOLUTE
    ../clib/signal.c                         0x00000000   Number         0  defsig_rtred_inner.o ABSOLUTE
    ../clib/signal.c                         0x00000000   Number         0  defsig_rtmem_inner.o ABSOLUTE
    ../clib/signal.c                         0x00000000   Number         0  defsig_pvfn_inner.o ABSOLUTE
    ../clib/signal.c                         0x00000000   Number         0  defsig_abrt_outer.o ABSOLUTE
    ../clib/signal.c                         0x00000000   Number         0  defsig_cppl_inner.o ABSOLUTE
    ../clib/signal.c                         0x00000000   Number         0  defsig_other.o ABSOLUTE
    ../clib/signal.c                         0x00000000   Number         0  defsig_rtmem_formal.o ABSOLUTE
    ../clib/signal.c                         0x00000000   Number         0  defsig_abrt_formal.o ABSOLUTE
    ../clib/signal.c                         0x00000000   Number         0  defsig_rtmem_outer.o ABSOLUTE
    ../clib/signal.c                         0x00000000   Number         0  defsig_fpe_inner.o ABSOLUTE
    ../clib/signal.c                         0x00000000   Number         0  defsig_stak_inner.o ABSOLUTE
    ../clib/signal.s                         0x00000000   Number         0  defsig.o ABSOLUTE
    ../clib/stdlib.c                         0x00000000   Number         0  abort.o ABSOLUTE
    ../clib/stdlib.c                         0x00000000   Number         0  exit.o ABSOLUTE
    ../clib/string.c                         0x00000000   Number         0  strlen.o ABSOLUTE
    ../fplib/cfplib/fpinit.c                 0x00000000   Number         0  fpinit.o ABSOLUTE
    C:\Keil_v5\ARM\PACK\NXP\MKL46Z4_DFP\10.0.3\drivers\fsl_clock.c 0x00000000   Number         0  fsl_clock.o ABSOLUTE
    C:\Keil_v5\ARM\PACK\NXP\MKL46Z4_DFP\10.0.3\drivers\fsl_common.c 0x00000000   Number         0  fsl_common.o ABSOLUTE
    C:\Keil_v5\ARM\PACK\NXP\MKL46Z4_DFP\10.0.3\drivers\fsl_ftfx_cache.c 0x00000000   Number         0  fsl_ftfx_cache.o ABSOLUTE
    C:\Keil_v5\ARM\PACK\NXP\MKL46Z4_DFP\10.0.3\drivers\fsl_ftfx_controller.c 0x00000000   Number         0  fsl_ftfx_controller.o ABSOLUTE
    C:\Keil_v5\ARM\PACK\NXP\MKL46Z4_DFP\10.0.3\drivers\fsl_ftfx_flash.c 0x00000000   Number         0  fsl_ftfx_flash.o ABSOLUTE
    C:\Keil_v5\ARM\PACK\NXP\MKL46Z4_DFP\10.0.3\drivers\fsl_ftfx_flexnvm.c 0x00000000   Number         0  fsl_ftfx_flexnvm.o ABSOLUTE
    C:\Keil_v5\ARM\PACK\NXP\MKL46Z4_DFP\10.0.3\drivers\fsl_gpio.c 0x00000000   Number         0  fsl_gpio.o ABSOLUTE
    C:\Keil_v5\ARM\PACK\NXP\MKL46Z4_DFP\10.0.3\drivers\fsl_i2c.c 0x00000000   Number         0  fsl_i2c.o ABSOLUTE
    C:\Keil_v5\ARM\PACK\NXP\MKL46Z4_DFP\10.0.3\drivers\fsl_lpsci.c 0x00000000   Number         0  fsl_lpsci.o ABSOLUTE
    C:\Keil_v5\ARM\PACK\NXP\MKL46Z4_DFP\10.0.3\drivers\fsl_smc.c 0x00000000   Number         0  fsl_smc.o ABSOLUTE
    C:\Keil_v5\ARM\PACK\NXP\MKL46Z4_DFP\10.0.3\drivers\fsl_uart.c 0x00000000   Number         0  fsl_uart.o ABSOLUTE
    C:\Keil_v5\ARM\PACK\NXP\MKL46Z4_DFP\10.0.3\utilities\fsl_debug_console.c 0x00000000   Number         0  fsl_debug_console.o ABSOLUTE
    C:\Keil_v5\ARM\PACK\NXP\MKL46Z4_DFP\10.0.3\utilities\io\fsl_io.c 0x00000000   Number         0  fsl_io.o ABSOLUTE
    C:\Keil_v5\ARM\PACK\NXP\MKL46Z4_DFP\10.0.3\utilities\log\fsl_log.c 0x00000000   Number         0  fsl_log.o ABSOLUTE
    C:\Keil_v5\ARM\PACK\NXP\MKL46Z4_DFP\10.0.3\utilities\str\fsl_str.c 0x00000000   Number         0  fsl_str.o ABSOLUTE
    C:\\Keil_v5\\ARM\\PACK\\NXP\\MKL46Z4_DFP\\10.0.3\\drivers\\fsl_clock.c 0x00000000   Number         0  fsl_clock.o ABSOLUTE
    C:\\Keil_v5\\ARM\\PACK\\NXP\\MKL46Z4_DFP\\10.0.3\\drivers\\fsl_common.c 0x00000000   Number         0  fsl_common.o ABSOLUTE
    C:\\Keil_v5\\ARM\\PACK\\NXP\\MKL46Z4_DFP\\10.0.3\\drivers\\fsl_ftfx_cache.c 0x00000000   Number         0  fsl_ftfx_cache.o ABSOLUTE
    C:\\Keil_v5\\ARM\\PACK\\NXP\\MKL46Z4_DFP\\10.0.3\\drivers\\fsl_ftfx_controller.c 0x00000000   Number         0  fsl_ftfx_controller.o ABSOLUTE
    C:\\Keil_v5\\ARM\\PACK\\NXP\\MKL46Z4_DFP\\10.0.3\\drivers\\fsl_ftfx_flash.c 0x00000000   Number         0  fsl_ftfx_flash.o ABSOLUTE
    C:\\Keil_v5\\ARM\\PACK\\NXP\\MKL46Z4_DFP\\10.0.3\\drivers\\fsl_ftfx_flexnvm.c 0x00000000   Number         0  fsl_ftfx_flexnvm.o ABSOLUTE
    C:\\Keil_v5\\ARM\\PACK\\NXP\\MKL46Z4_DFP\\10.0.3\\drivers\\fsl_gpio.c 0x00000000   Number         0  fsl_gpio.o ABSOLUTE
    C:\\Keil_v5\\ARM\\PACK\\NXP\\MKL46Z4_DFP\\10.0.3\\drivers\\fsl_i2c.c 0x00000000   Number         0  fsl_i2c.o ABSOLUTE
    C:\\Keil_v5\\ARM\\PACK\\NXP\\MKL46Z4_DFP\\10.0.3\\drivers\\fsl_lpsci.c 0x00000000   Number         0  fsl_lpsci.o ABSOLUTE
    C:\\Keil_v5\\ARM\\PACK\\NXP\\MKL46Z4_DFP\\10.0.3\\drivers\\fsl_smc.c 0x00000000   Number         0  fsl_smc.o ABSOLUTE
    C:\\Keil_v5\\ARM\\PACK\\NXP\\MKL46Z4_DFP\\10.0.3\\drivers\\fsl_uart.c 0x00000000   Number         0  fsl_uart.o ABSOLUTE
    C:\\Keil_v5\\ARM\\PACK\\NXP\\MKL46Z4_DFP\\10.0.3\\utilities\\fsl_debug_console.c 0x00000000   Number         0  fsl_debug_console.o ABSOLUTE
    C:\\Keil_v5\\ARM\\PACK\\NXP\\MKL46Z4_DFP\\10.0.3\\utilities\\io\\fsl_io.c 0x00000000   Number         0  fsl_io.o ABSOLUTE
    C:\\Keil_v5\\ARM\\PACK\\NXP\\MKL46Z4_DFP\\10.0.3\\utilities\\log\\fsl_log.c 0x00000000   Number         0  fsl_log.o ABSOLUTE
    C:\\Keil_v5\\ARM\\PACK\\NXP\\MKL46Z4_DFP\\10.0.3\\utilities\\str\\fsl_str.c 0x00000000   Number         0  fsl_str.o ABSOLUTE
    LCD\Seg_LCD.c                            0x00000000   Number         0  seg_lcd.o ABSOLUTE
    LCD\\Seg_LCD.c                           0x00000000   Number         0  seg_lcd.o ABSOLUTE
    RTE\Board_Support\MKL46Z256VLL4\board.c  0x00000000   Number         0  board.o ABSOLUTE
    RTE\Board_Support\MKL46Z256VLL4\clock_config.c 0x00000000   Number         0  clock_config.o ABSOLUTE
    RTE\Board_Support\MKL46Z256VLL4\peripherals.c 0x00000000   Number         0  peripherals.o ABSOLUTE
    RTE\Board_Support\MKL46Z256VLL4\pin_mux.c 0x00000000   Number         0  pin_mux.o ABSOLUTE
    RTE\Device\MKL46Z256VLL4\startup_MKL46Z4.s 0x00000000   Number         0  startup_mkl46z4.o ABSOLUTE
    RTE\Device\MKL46Z256VLL4\system_MKL46Z4.c 0x00000000   Number         0  system_mkl46z4.o ABSOLUTE
    RTE\\Board_Support\\MKL46Z256VLL4\\board.c 0x00000000   Number         0  board.o ABSOLUTE
    RTE\\Board_Support\\MKL46Z256VLL4\\clock_config.c 0x00000000   Number         0  clock_config.o ABSOLUTE
    RTE\\Board_Support\\MKL46Z256VLL4\\pin_mux.c 0x00000000   Number         0  pin_mux.o ABSOLUTE
    RTE\\Device\\MKL46Z256VLL4\\system_MKL46Z4.c 0x00000000   Number         0  system_mkl46z4.o ABSOLUTE
    dc.s                                     0x00000000   Number         0  dc.o ABSOLUTE
    main.c                                   0x00000000   Number         0  main.o ABSOLUTE
    main.c                                   0x00000000   Number         0  main.o ABSOLUTE
    FlashConfig                              0x00000400   Section       16  startup_mkl46z4.o(FlashConfig)
    !!!main                                  0x00000410   Section        8  __main.o(!!!main)
    !!!scatter                               0x00000418   Section       60  __scatter.o(!!!scatter)
    !!handler_copy                           0x00000454   Section       26  __scatter_copy.o(!!handler_copy)
    !!handler_zi                             0x00000470   Section       28  __scatter_zi.o(!!handler_zi)
    .ARM.Collect$$libinit$$00000000          0x0000048c   Section        2  libinit.o(.ARM.Collect$$libinit$$00000000)
    .ARM.Collect$$libinit$$00000002          0x0000048e   Section        0  libinit2.o(.ARM.Collect$$libinit$$00000002)
    .ARM.Collect$$libinit$$00000004          0x0000048e   Section        0  libinit2.o(.ARM.Collect$$libinit$$00000004)
    .ARM.Collect$$libinit$$0000000A          0x0000048e   Section        0  libinit2.o(.ARM.Collect$$libinit$$0000000A)
    .ARM.Collect$$libinit$$0000000C          0x0000048e   Section        0  libinit2.o(.ARM.Collect$$libinit$$0000000C)
    .ARM.Collect$$libinit$$0000000E          0x0000048e   Section        0  libinit2.o(.ARM.Collect$$libinit$$0000000E)
    .ARM.Collect$$libinit$$00000011          0x0000048e   Section        0  libinit2.o(.ARM.Collect$$libinit$$00000011)
    .ARM.Collect$$libinit$$00000013          0x0000048e   Section        0  libinit2.o(.ARM.Collect$$libinit$$00000013)
    .ARM.Collect$$libinit$$00000015          0x0000048e   Section        0  libinit2.o(.ARM.Collect$$libinit$$00000015)
    .ARM.Collect$$libinit$$00000017          0x0000048e   Section        0  libinit2.o(.ARM.Collect$$libinit$$00000017)
    .ARM.Collect$$libinit$$00000019          0x0000048e   Section        0  libinit2.o(.ARM.Collect$$libinit$$00000019)
    .ARM.Collect$$libinit$$0000001B          0x0000048e   Section        0  libinit2.o(.ARM.Collect$$libinit$$0000001B)
    .ARM.Collect$$libinit$$0000001D          0x0000048e   Section        0  libinit2.o(.ARM.Collect$$libinit$$0000001D)
    .ARM.Collect$$libinit$$0000001F          0x0000048e   Section        0  libinit2.o(.ARM.Collect$$libinit$$0000001F)
    .ARM.Collect$$libinit$$00000021          0x0000048e   Section        0  libinit2.o(.ARM.Collect$$libinit$$00000021)
    .ARM.Collect$$libinit$$00000023          0x0000048e   Section        0  libinit2.o(.ARM.Collect$$libinit$$00000023)
    .ARM.Collect$$libinit$$00000025          0x0000048e   Section        0  libinit2.o(.ARM.Collect$$libinit$$00000025)
    .ARM.Collect$$libinit$$0000002C          0x0000048e   Section        0  libinit2.o(.ARM.Collect$$libinit$$0000002C)
    .ARM.Collect$$libinit$$0000002E          0x0000048e   Section        0  libinit2.o(.ARM.Collect$$libinit$$0000002E)
    .ARM.Collect$$libinit$$00000030          0x0000048e   Section        0  libinit2.o(.ARM.Collect$$libinit$$00000030)
    .ARM.Collect$$libinit$$00000032          0x0000048e   Section        0  libinit2.o(.ARM.Collect$$libinit$$00000032)
    .ARM.Collect$$libinit$$00000033          0x0000048e   Section        2  libinit2.o(.ARM.Collect$$libinit$$00000033)
    .ARM.Collect$$libshutdown$$00000000      0x00000490   Section        2  libshutdown.o(.ARM.Collect$$libshutdown$$00000000)
    .ARM.Collect$$libshutdown$$00000002      0x00000492   Section        0  libshutdown2.o(.ARM.Collect$$libshutdown$$00000002)
    .ARM.Collect$$libshutdown$$00000004      0x00000492   Section        0  libshutdown2.o(.ARM.Collect$$libshutdown$$00000004)
    .ARM.Collect$$libshutdown$$00000007      0x00000492   Section        0  libshutdown2.o(.ARM.Collect$$libshutdown$$00000007)
    .ARM.Collect$$libshutdown$$0000000A      0x00000492   Section        0  libshutdown2.o(.ARM.Collect$$libshutdown$$0000000A)
    .ARM.Collect$$libshutdown$$0000000C      0x00000492   Section        0  libshutdown2.o(.ARM.Collect$$libshutdown$$0000000C)
    .ARM.Collect$$libshutdown$$0000000F      0x00000492   Section        0  libshutdown2.o(.ARM.Collect$$libshutdown$$0000000F)
    .ARM.Collect$$libshutdown$$00000010      0x00000492   Section        2  libshutdown2.o(.ARM.Collect$$libshutdown$$00000010)
    .ARM.Collect$$rtentry$$00000000          0x00000494   Section        0  __rtentry.o(.ARM.Collect$$rtentry$$00000000)
    .ARM.Collect$$rtentry$$00000002          0x00000494   Section        0  __rtentry2.o(.ARM.Collect$$rtentry$$00000002)
    .ARM.Collect$$rtentry$$00000007          0x00000494   Section        4  __rtentry7.o(.ARM.Collect$$rtentry$$00000007)
    .ARM.Collect$$rtentry$$00000009          0x00000498   Section        0  __rtentry2.o(.ARM.Collect$$rtentry$$00000009)
    .ARM.Collect$$rtentry$$0000000A          0x00000498   Section        4  __rtentry2.o(.ARM.Collect$$rtentry$$0000000A)
    .ARM.Collect$$rtentry$$0000000C          0x0000049c   Section        0  __rtentry2.o(.ARM.Collect$$rtentry$$0000000C)
    .ARM.Collect$$rtentry$$0000000D          0x0000049c   Section        8  __rtentry2.o(.ARM.Collect$$rtentry$$0000000D)
    .ARM.Collect$$rtentry$$00002718          0x000004a4   Section        4  __rtentry7.o(.ARM.Collect$$rtentry$$00002718)
    __lit__00000000                          0x000004a4   Data           4  __rtentry7.o(.ARM.Collect$$rtentry$$00002718)
    .ARM.Collect$$rtexit$$00000000           0x000004a8   Section        2  rtexit.o(.ARM.Collect$$rtexit$$00000000)
    .ARM.Collect$$rtexit$$00000002           0x000004aa   Section        0  rtexit2.o(.ARM.Collect$$rtexit$$00000002)
    .ARM.Collect$$rtexit$$00000003           0x000004aa   Section        4  rtexit2.o(.ARM.Collect$$rtexit$$00000003)
    .ARM.Collect$$rtexit$$00000004           0x000004ae   Section        6  rtexit2.o(.ARM.Collect$$rtexit$$00000004)
    .text                                    0x000004b4   Section      156  startup_mkl46z4.o(.text)
    .text                                    0x00000550   Section        0  assert.o(.text)
    .text                                    0x000005cc   Section      346  aeabi_sdiv.o(.text)
    .text                                    0x00000726   Section        0  abort.o(.text)
    .text                                    0x0000073a   Section        0  assert_puts.o(.text)
    .text                                    0x0000074e   Section        0  sys_wrch.o(.text)
    .text                                    0x0000075c   Section        0  sys_exit.o(.text)
    .text                                    0x00000768   Section        0  defsig_abrt_outer.o(.text)
    .text                                    0x00000774   Section        2  use_no_semi.o(.text)
    .text                                    0x00000776   Section        0  exit.o(.text)
    .text                                    0x00000776   Section        0  indicate_semi.o(.text)
    .text                                    0x00000786   Section        0  defsig_exit.o(.text)
    .text                                    0x00000794   Section        0  defsig_abrt_inner.o(.text)
    .text                                    0x000007c4   Section        0  defsig_general.o(.text)
    i.BOARD_BootClockRUN                     0x000007f8   Section        0  clock_config.o(i.BOARD_BootClockRUN)
    i.BOARD_InitDebugConsole                 0x00000864   Section        0  board.o(i.BOARD_InitDebugConsole)
    i.BOARD_InitPins                         0x000008a0   Section        0  pin_mux.o(i.BOARD_InitPins)
    i.CLOCK_BootToPeeMode                    0x000008e8   Section        0  fsl_clock.o(i.CLOCK_BootToPeeMode)
    i.CLOCK_CONFIG_SetFllExtRefDiv           0x00000980   Section        0  clock_config.o(i.CLOCK_CONFIG_SetFllExtRefDiv)
    CLOCK_CONFIG_SetFllExtRefDiv             0x00000981   Thumb Code    22  clock_config.o(i.CLOCK_CONFIG_SetFllExtRefDiv)
    i.CLOCK_EnablePll0                       0x0000099c   Section        0  fsl_clock.o(i.CLOCK_EnablePll0)
    i.CLOCK_GetFllExtRefClkFreq              0x00000a40   Section        0  fsl_clock.o(i.CLOCK_GetFllExtRefClkFreq)
    CLOCK_GetFllExtRefClkFreq                0x00000a41   Thumb Code   110  fsl_clock.o(i.CLOCK_GetFllExtRefClkFreq)
    i.CLOCK_GetFllFreq                       0x00000ab4   Section        0  fsl_clock.o(i.CLOCK_GetFllFreq)
    i.CLOCK_GetFllRefClkFreq                 0x00000b0c   Section        0  fsl_clock.o(i.CLOCK_GetFllRefClkFreq)
    CLOCK_GetFllRefClkFreq                   0x00000b0d   Thumb Code    28  fsl_clock.o(i.CLOCK_GetFllRefClkFreq)
    i.CLOCK_GetMcgExtClkFreq                 0x00000b30   Section        0  fsl_clock.o(i.CLOCK_GetMcgExtClkFreq)
    CLOCK_GetMcgExtClkFreq                   0x00000b31   Thumb Code    28  fsl_clock.o(i.CLOCK_GetMcgExtClkFreq)
    i.CLOCK_GetOscRangeFromFreq              0x00000b9c   Section        0  fsl_clock.o(i.CLOCK_GetOscRangeFromFreq)
    CLOCK_GetOscRangeFromFreq                0x00000b9d   Thumb Code    26  fsl_clock.o(i.CLOCK_GetOscRangeFromFreq)
    i.CLOCK_GetPll0Freq                      0x00000bc0   Section        0  fsl_clock.o(i.CLOCK_GetPll0Freq)
    i.CLOCK_GetPll0RefFreq                   0x00000c5c   Section        0  fsl_clock.o(i.CLOCK_GetPll0RefFreq)
    CLOCK_GetPll0RefFreq                     0x00000c5d   Thumb Code     8  fsl_clock.o(i.CLOCK_GetPll0RefFreq)
    i.CLOCK_GetPllFllSelClkFreq              0x00000c64   Section        0  fsl_clock.o(i.CLOCK_GetPllFllSelClkFreq)
    i.CLOCK_InitOsc0                         0x00000c9c   Section        0  fsl_clock.o(i.CLOCK_InitOsc0)
    i.CLOCK_SetExternalRefClkConfig          0x00000d14   Section        0  fsl_clock.o(i.CLOCK_SetExternalRefClkConfig)
    i.CLOCK_SetInternalRefClkConfig          0x00000d1c   Section        0  fsl_clock.o(i.CLOCK_SetInternalRefClkConfig)
    i.CLOCK_SetPbeMode                       0x00000dc8   Section        0  fsl_clock.o(i.CLOCK_SetPbeMode)
    i.CLOCK_SetSimConfig                     0x00000e94   Section        0  fsl_clock.o(i.CLOCK_SetSimConfig)
    i.DbgConsole_Init                        0x00000ee4   Section        0  fsl_debug_console.o(i.DbgConsole_Init)
    i.I2C0_DriverIRQHandler                  0x00000f3c   Section        0  fsl_i2c.o(i.I2C0_DriverIRQHandler)
    i.I2C1_DriverIRQHandler                  0x00000f54   Section        0  fsl_i2c.o(i.I2C1_DriverIRQHandler)
    i.I2C_TransferCommonIRQHandler           0x00000f6c   Section        0  fsl_i2c.o(i.I2C_TransferCommonIRQHandler)
    I2C_TransferCommonIRQHandler             0x00000f6d   Thumb Code    66  fsl_i2c.o(i.I2C_TransferCommonIRQHandler)
    i.IO_Init                                0x00000fb8   Section        0  fsl_io.o(i.IO_Init)
    i.InitLed                                0x000010b0   Section        0  main.o(i.InitLed)
    i.InitSwitches                           0x00001120   Section        0  main.o(i.InitSwitches)
    i.LOG_Init                               0x00001180   Section        0  fsl_log.o(i.LOG_Init)
    i.LPSCI_GetDefaultConfig                 0x000011a0   Section        0  fsl_lpsci.o(i.LPSCI_GetDefaultConfig)
    i.LPSCI_GetInstance                      0x00001214   Section        0  fsl_lpsci.o(i.LPSCI_GetInstance)
    i.LPSCI_Init                             0x000012ac   Section        0  fsl_lpsci.o(i.LPSCI_Init)
    i.PORTC_PORTD_IRQHandler                 0x00001498   Section        0  main.o(i.PORTC_PORTD_IRQHandler)
    i.PORT_SetPinMux                         0x00001524   Section        0  pin_mux.o(i.PORT_SetPinMux)
    PORT_SetPinMux                           0x00001525   Thumb Code    28  pin_mux.o(i.PORT_SetPinMux)
    i.SegLCD_DisplayDecimal                  0x00001540   Section        0  seg_lcd.o(i.SegLCD_DisplayDecimal)
    i.SegLCD_DisplayError                    0x000015c8   Section        0  seg_lcd.o(i.SegLCD_DisplayError)
    i.SegLCD_Init                            0x0000160c   Section        0  seg_lcd.o(i.SegLCD_Init)
    i.SegLCD_Set                             0x000016fc   Section        0  seg_lcd.o(i.SegLCD_Set)
    i.SysTick_Handler                        0x000018f4   Section        0  main.o(i.SysTick_Handler)
    i.SystemInit                             0x00001904   Section        0  system_mkl46z4.o(i.SystemInit)
    i.SystemInitHook                         0x00001918   Section        0  system_mkl46z4.o(i.SystemInitHook)
    i.UART0_DriverIRQHandler                 0x0000191c   Section        0  fsl_lpsci.o(i.UART0_DriverIRQHandler)
    i.UART1_DriverIRQHandler                 0x00001938   Section        0  fsl_uart.o(i.UART1_DriverIRQHandler)
    i.UART2_DriverIRQHandler                 0x00001954   Section        0  fsl_uart.o(i.UART2_DriverIRQHandler)
    i.UART_GetDefaultConfig                  0x00001970   Section        0  fsl_uart.o(i.UART_GetDefaultConfig)
    i.UART_GetInstance                       0x000019e4   Section        0  fsl_uart.o(i.UART_GetInstance)
    i.UART_Init                              0x00001a78   Section        0  fsl_uart.o(i.UART_Init)
    i.__ARM_common_switch8                   0x00001c00   Section        0  fsl_clock.o(i.__ARM_common_switch8)
    i.init_systick_interrupt                 0x00001c1c   Section        0  main.o(i.init_systick_interrupt)
    i.main                                   0x00001c3c   Section        0  main.o(i.main)
    .constdata                               0x00001d68   Section       12  seg_lcd.o(.constdata)
    LCD_Frontplane_Pin                       0x00001d68   Data           8  seg_lcd.o(.constdata)
    LCD_Backplane_Pin                        0x00001d70   Data           4  seg_lcd.o(.constdata)
    .constdata                               0x00001d74   Section       56  clock_config.o(.constdata)
    .constdata                               0x00001dac   Section       96  fsl_clock.o(.constdata)
    mcgModeMatrix                            0x00001dac   Data          64  fsl_clock.o(.constdata)
    fllFactorTable                           0x00001dec   Data          16  fsl_clock.o(.constdata)
    trimRange                                0x00001dfc   Data          16  fsl_clock.o(.constdata)
    .constdata                               0x00001e0c   Section       12  fsl_lpsci.o(.constdata)
    s_lpsciBases                             0x00001e0c   Data           4  fsl_lpsci.o(.constdata)
    s_lpsciIRQ                               0x00001e10   Data           1  fsl_lpsci.o(.constdata)
    s_lpsciClock                             0x00001e14   Data           4  fsl_lpsci.o(.constdata)
    .constdata                               0x00001e18   Section       28  fsl_uart.o(.constdata)
    s_uartBases                              0x00001e18   Data          12  fsl_uart.o(.constdata)
    s_uartIRQ                                0x00001e24   Data           3  fsl_uart.o(.constdata)
    s_uartClock                              0x00001e28   Data          12  fsl_uart.o(.constdata)
    .conststring                             0x00001e34   Section       73  fsl_debug_console.o(.conststring)
    .conststring                             0x00001e80   Section       65  fsl_io.o(.conststring)
    .data                                    0x1fffe000   Section       12  main.o(.data)
    .data                                    0x1fffe00c   Section       16  fsl_clock.o(.data)
    s_slowIrcFreq                            0x1fffe00c   Data           4  fsl_clock.o(.data)
    s_fastIrcFreq                            0x1fffe010   Data           4  fsl_clock.o(.data)
    .data                                    0x1fffe01c   Section       16  fsl_i2c.o(.data)
    s_i2cHandle                              0x1fffe01c   Data           8  fsl_i2c.o(.data)
    s_i2cMasterIsr                           0x1fffe024   Data           4  fsl_i2c.o(.data)
    s_i2cSlaveIsr                            0x1fffe028   Data           4  fsl_i2c.o(.data)
    .data                                    0x1fffe02c   Section        8  fsl_lpsci.o(.data)
    s_lpsciHandle                            0x1fffe02c   Data           4  fsl_lpsci.o(.data)
    s_lpsciIsr                               0x1fffe030   Data           4  fsl_lpsci.o(.data)
    .data                                    0x1fffe034   Section        4  fsl_uart.o(.data)
    s_uartIsr                                0x1fffe034   Data           4  fsl_uart.o(.data)
    .data                                    0x1fffe038   Section        8  fsl_io.o(.data)
    s_debugConsoleIO                         0x1fffe038   Data           8  fsl_io.o(.data)
    .data                                    0x1fffe040   Section        4  system_mkl46z4.o(.data)
    .bss                                     0x1fffe044   Section       12  fsl_uart.o(.bss)
    s_uartHandle                             0x1fffe044   Data          12  fsl_uart.o(.bss)

    Global Symbols

    Symbol Name                              Value     Ov Type        Size  Object(Section)

    BuildAttributes$$THM_ISAv3M$S$PE$A:L22$X:L11$S22$IEEE1$IW$USESV6$~STKCKD$USESV7$~SHL$OTIME$ROPI$EBA8$UX$STANDARDLIB$REQ8$PRES8$EABIv2 0x00000000   Number         0  anon$$obj.o ABSOLUTE
    __ARM_use_no_argv                        0x00000000   Number         0  main.o ABSOLUTE
    __Vectors                                0x00000000   Data           4  startup_mkl46z4.o(RESET)
    Image$$ZI$$Limit                          - Undefined Weak Reference
    __ARM_exceptions_init                     - Undefined Weak Reference
    __alloca_initialize                       - Undefined Weak Reference
    __arm_preinit_                            - Undefined Weak Reference
    __cpp_initialize__aeabi_                  - Undefined Weak Reference
    __cxa_finalize                            - Undefined Weak Reference
    __rt_locale                               - Undefined Weak Reference
    __sigvec_lookup                           - Undefined Weak Reference
    __user_heap_extent                        - Undefined Weak Reference
    _atexit_init                              - Undefined Weak Reference
    _call_atexit_fns                          - Undefined Weak Reference
    _clock_init                               - Undefined Weak Reference
    _fp_trap_init                             - Undefined Weak Reference
    _fp_trap_shutdown                         - Undefined Weak Reference
    _get_lc_collate                           - Undefined Weak Reference
    _get_lc_ctype                             - Undefined Weak Reference
    _get_lc_monetary                          - Undefined Weak Reference
    _get_lc_numeric                           - Undefined Weak Reference
    _get_lc_time                              - Undefined Weak Reference
    _getenv_init                              - Undefined Weak Reference
    _handle_redirection                       - Undefined Weak Reference
    _initio                                   - Undefined Weak Reference
    _mutex_acquire                            - Undefined Weak Reference
    _mutex_free                               - Undefined Weak Reference
    _mutex_release                            - Undefined Weak Reference
    _rand_init                                - Undefined Weak Reference
    _signal_finish                            - Undefined Weak Reference
    _signal_init                              - Undefined Weak Reference
    _terminateio                              - Undefined Weak Reference
    __Vectors_End                            0x000000c0   Data           0  startup_mkl46z4.o(RESET)
    __Vectors_Size                           0x000000c0   Number         0  startup_mkl46z4.o ABSOLUTE
    __main                                   0x00000411   Thumb Code     8  __main.o(!!!main)
    __scatterload                            0x00000419   Thumb Code     0  __scatter.o(!!!scatter)
    __scatterload_rt2                        0x00000419   Thumb Code    52  __scatter.o(!!!scatter)
    __scatterload_rt2_thumb_only             0x00000419   Thumb Code     0  __scatter.o(!!!scatter)
    __scatterload_null                       0x00000429   Thumb Code     0  __scatter.o(!!!scatter)
    __scatterload_copy                       0x00000455   Thumb Code    26  __scatter_copy.o(!!handler_copy)
    __scatterload_zeroinit                   0x00000471   Thumb Code    28  __scatter_zi.o(!!handler_zi)
    __rt_lib_init                            0x0000048d   Thumb Code     0  libinit.o(.ARM.Collect$$libinit$$00000000)
    __rt_lib_init_alloca_1                   0x0000048f   Thumb Code     0  libinit2.o(.ARM.Collect$$libinit$$0000002E)
    __rt_lib_init_argv_1                     0x0000048f   Thumb Code     0  libinit2.o(.ARM.Collect$$libinit$$0000002C)
    __rt_lib_init_atexit_1                   0x0000048f   Thumb Code     0  libinit2.o(.ARM.Collect$$libinit$$0000001B)
    __rt_lib_init_clock_1                    0x0000048f   Thumb Code     0  libinit2.o(.ARM.Collect$$libinit$$00000021)
    __rt_lib_init_cpp_1                      0x0000048f   Thumb Code     0  libinit2.o(.ARM.Collect$$libinit$$00000032)
    __rt_lib_init_exceptions_1               0x0000048f   Thumb Code     0  libinit2.o(.ARM.Collect$$libinit$$00000030)
    __rt_lib_init_fp_1                       0x0000048f   Thumb Code     0  libinit2.o(.ARM.Collect$$libinit$$00000002)
    __rt_lib_init_fp_trap_1                  0x0000048f   Thumb Code     0  libinit2.o(.ARM.Collect$$libinit$$0000001F)
    __rt_lib_init_getenv_1                   0x0000048f   Thumb Code     0  libinit2.o(.ARM.Collect$$libinit$$00000023)
    __rt_lib_init_heap_1                     0x0000048f   Thumb Code     0  libinit2.o(.ARM.Collect$$libinit$$0000000A)
    __rt_lib_init_lc_collate_1               0x0000048f   Thumb Code     0  libinit2.o(.ARM.Collect$$libinit$$00000011)
    __rt_lib_init_lc_ctype_1                 0x0000048f   Thumb Code     0  libinit2.o(.ARM.Collect$$libinit$$00000013)
    __rt_lib_init_lc_monetary_1              0x0000048f   Thumb Code     0  libinit2.o(.ARM.Collect$$libinit$$00000015)
    __rt_lib_init_lc_numeric_1               0x0000048f   Thumb Code     0  libinit2.o(.ARM.Collect$$libinit$$00000017)
    __rt_lib_init_lc_time_1                  0x0000048f   Thumb Code     0  libinit2.o(.ARM.Collect$$libinit$$00000019)
    __rt_lib_init_preinit_1                  0x0000048f   Thumb Code     0  libinit2.o(.ARM.Collect$$libinit$$00000004)
    __rt_lib_init_rand_1                     0x0000048f   Thumb Code     0  libinit2.o(.ARM.Collect$$libinit$$0000000E)
    __rt_lib_init_return                     0x0000048f   Thumb Code     0  libinit2.o(.ARM.Collect$$libinit$$00000033)
    __rt_lib_init_signal_1                   0x0000048f   Thumb Code     0  libinit2.o(.ARM.Collect$$libinit$$0000001D)
    __rt_lib_init_stdio_1                    0x0000048f   Thumb Code     0  libinit2.o(.ARM.Collect$$libinit$$00000025)
    __rt_lib_init_user_alloc_1               0x0000048f   Thumb Code     0  libinit2.o(.ARM.Collect$$libinit$$0000000C)
    __rt_lib_shutdown                        0x00000491   Thumb Code     0  libshutdown.o(.ARM.Collect$$libshutdown$$00000000)
    __rt_lib_shutdown_cpp_1                  0x00000493   Thumb Code     0  libshutdown2.o(.ARM.Collect$$libshutdown$$00000002)
    __rt_lib_shutdown_fp_trap_1              0x00000493   Thumb Code     0  libshutdown2.o(.ARM.Collect$$libshutdown$$00000007)
    __rt_lib_shutdown_heap_1                 0x00000493   Thumb Code     0  libshutdown2.o(.ARM.Collect$$libshutdown$$0000000F)
    __rt_lib_shutdown_return                 0x00000493   Thumb Code     0  libshutdown2.o(.ARM.Collect$$libshutdown$$00000010)
    __rt_lib_shutdown_signal_1               0x00000493   Thumb Code     0  libshutdown2.o(.ARM.Collect$$libshutdown$$0000000A)
    __rt_lib_shutdown_stdio_1                0x00000493   Thumb Code     0  libshutdown2.o(.ARM.Collect$$libshutdown$$00000004)
    __rt_lib_shutdown_user_alloc_1           0x00000493   Thumb Code     0  libshutdown2.o(.ARM.Collect$$libshutdown$$0000000C)
    __rt_entry                               0x00000495   Thumb Code     0  __rtentry.o(.ARM.Collect$$rtentry$$00000000)
    __rt_entry_presh_1                       0x00000495   Thumb Code     0  __rtentry2.o(.ARM.Collect$$rtentry$$00000002)
    __rt_entry_sh                            0x00000495   Thumb Code     0  __rtentry7.o(.ARM.Collect$$rtentry$$00000007)
    __rt_entry_li                            0x00000499   Thumb Code     0  __rtentry2.o(.ARM.Collect$$rtentry$$0000000A)
    __rt_entry_postsh_1                      0x00000499   Thumb Code     0  __rtentry2.o(.ARM.Collect$$rtentry$$00000009)
    __rt_entry_main                          0x0000049d   Thumb Code     0  __rtentry2.o(.ARM.Collect$$rtentry$$0000000D)
    __rt_entry_postli_1                      0x0000049d   Thumb Code     0  __rtentry2.o(.ARM.Collect$$rtentry$$0000000C)
    __rt_exit                                0x000004a9   Thumb Code     0  rtexit.o(.ARM.Collect$$rtexit$$00000000)
    __rt_exit_ls                             0x000004ab   Thumb Code     0  rtexit2.o(.ARM.Collect$$rtexit$$00000003)
    __rt_exit_prels_1                        0x000004ab   Thumb Code     0  rtexit2.o(.ARM.Collect$$rtexit$$00000002)
    __rt_exit_exit                           0x000004af   Thumb Code     0  rtexit2.o(.ARM.Collect$$rtexit$$00000004)
    Reset_Handler                            0x000004b5   Thumb Code    24  startup_mkl46z4.o(.text)
    NMI_Handler                              0x000004cd   Thumb Code     2  startup_mkl46z4.o(.text)
    HardFault_Handler                        0x000004cf   Thumb Code     2  startup_mkl46z4.o(.text)
    SVC_Handler                              0x000004d1   Thumb Code     2  startup_mkl46z4.o(.text)
    PendSV_Handler                           0x000004d3   Thumb Code     2  startup_mkl46z4.o(.text)
    DMA0_IRQHandler                          0x000004d7   Thumb Code     4  startup_mkl46z4.o(.text)
    DMA1_IRQHandler                          0x000004db   Thumb Code     4  startup_mkl46z4.o(.text)
    DMA2_IRQHandler                          0x000004df   Thumb Code     4  startup_mkl46z4.o(.text)
    DMA3_IRQHandler                          0x000004e3   Thumb Code     4  startup_mkl46z4.o(.text)
    I2C0_IRQHandler                          0x000004e7   Thumb Code     4  startup_mkl46z4.o(.text)
    I2C1_IRQHandler                          0x000004eb   Thumb Code     4  startup_mkl46z4.o(.text)
    SPI0_IRQHandler                          0x000004ef   Thumb Code     4  startup_mkl46z4.o(.text)
    SPI1_IRQHandler                          0x000004f3   Thumb Code     4  startup_mkl46z4.o(.text)
    UART0_IRQHandler                         0x000004f7   Thumb Code     4  startup_mkl46z4.o(.text)
    UART1_IRQHandler                         0x000004fb   Thumb Code     4  startup_mkl46z4.o(.text)
    UART2_IRQHandler                         0x000004ff   Thumb Code     4  startup_mkl46z4.o(.text)
    I2S0_IRQHandler                          0x00000503   Thumb Code     4  startup_mkl46z4.o(.text)
    ADC0_IRQHandler                          0x00000507   Thumb Code     0  startup_mkl46z4.o(.text)
    CMP0_IRQHandler                          0x00000507   Thumb Code     0  startup_mkl46z4.o(.text)
    DAC0_IRQHandler                          0x00000507   Thumb Code     0  startup_mkl46z4.o(.text)
    DMA0_DriverIRQHandler                    0x00000507   Thumb Code     0  startup_mkl46z4.o(.text)
    DMA1_DriverIRQHandler                    0x00000507   Thumb Code     0  startup_mkl46z4.o(.text)
    DMA2_DriverIRQHandler                    0x00000507   Thumb Code     0  startup_mkl46z4.o(.text)
    DMA3_DriverIRQHandler                    0x00000507   Thumb Code     0  startup_mkl46z4.o(.text)
    DefaultISR                               0x00000507   Thumb Code     0  startup_mkl46z4.o(.text)
    FTFA_IRQHandler                          0x00000507   Thumb Code     0  startup_mkl46z4.o(.text)
    I2S0_DriverIRQHandler                    0x00000507   Thumb Code     0  startup_mkl46z4.o(.text)
    LCD_IRQHandler                           0x00000507   Thumb Code     0  startup_mkl46z4.o(.text)
    LLWU_IRQHandler                          0x00000507   Thumb Code     0  startup_mkl46z4.o(.text)
    LPTMR0_IRQHandler                        0x00000507   Thumb Code     0  startup_mkl46z4.o(.text)
    LVD_LVW_IRQHandler                       0x00000507   Thumb Code     0  startup_mkl46z4.o(.text)
    MCG_IRQHandler                           0x00000507   Thumb Code     0  startup_mkl46z4.o(.text)
    PIT_IRQHandler                           0x00000507   Thumb Code     0  startup_mkl46z4.o(.text)
    PORTA_IRQHandler                         0x00000507   Thumb Code     0  startup_mkl46z4.o(.text)
    RTC_IRQHandler                           0x00000507   Thumb Code     0  startup_mkl46z4.o(.text)
    RTC_Seconds_IRQHandler                   0x00000507   Thumb Code     0  startup_mkl46z4.o(.text)
    Reserved20_IRQHandler                    0x00000507   Thumb Code     0  startup_mkl46z4.o(.text)
    SPI0_DriverIRQHandler                    0x00000507   Thumb Code     0  startup_mkl46z4.o(.text)
    SPI1_DriverIRQHandler                    0x00000507   Thumb Code     0  startup_mkl46z4.o(.text)
    TPM0_IRQHandler                          0x00000507   Thumb Code     0  startup_mkl46z4.o(.text)
    TPM1_IRQHandler                          0x00000507   Thumb Code     0  startup_mkl46z4.o(.text)
    TPM2_IRQHandler                          0x00000507   Thumb Code     0  startup_mkl46z4.o(.text)
    TSI0_IRQHandler                          0x00000507   Thumb Code     0  startup_mkl46z4.o(.text)
    USB0_IRQHandler                          0x00000507   Thumb Code     0  startup_mkl46z4.o(.text)
    __aeabi_assert                           0x00000551   Thumb Code    82  assert.o(.text)
    __assert                                 0x00000551   Thumb Code     0  assert.o(.text)
    __aeabi_uidiv                            0x000005cd   Thumb Code     0  aeabi_sdiv.o(.text)
    __aeabi_uidivmod                         0x000005cd   Thumb Code    20  aeabi_sdiv.o(.text)
    __aeabi_idiv                             0x000005e1   Thumb Code     0  aeabi_sdiv.o(.text)
    __aeabi_idivmod                          0x000005e1   Thumb Code   326  aeabi_sdiv.o(.text)
    abort                                    0x00000727   Thumb Code    20  abort.o(.text)
    __assert_puts                            0x0000073b   Thumb Code    20  assert_puts.o(.text)
    _ttywrch                                 0x0000074f   Thumb Code    12  sys_wrch.o(.text)
    _sys_exit                                0x0000075d   Thumb Code     8  sys_exit.o(.text)
    __rt_SIGABRT                             0x00000769   Thumb Code    12  defsig_abrt_outer.o(.text)
    __I$use$semihosting                      0x00000775   Thumb Code     0  use_no_semi.o(.text)
    __use_no_semihosting_swi                 0x00000775   Thumb Code     2  use_no_semi.o(.text)
    __semihosting_library_function           0x00000777   Thumb Code     0  indicate_semi.o(.text)
    exit                                     0x00000777   Thumb Code    16  exit.o(.text)
    __sig_exit                               0x00000787   Thumb Code    12  defsig_exit.o(.text)
    __rt_SIGABRT_inner                       0x00000795   Thumb Code    14  defsig_abrt_inner.o(.text)
    __default_signal_display                 0x000007c5   Thumb Code    52  defsig_general.o(.text)
    BOARD_BootClockRUN                       0x000007f9   Thumb Code    74  clock_config.o(i.BOARD_BootClockRUN)
    BOARD_InitDebugConsole                   0x00000865   Thumb Code    52  board.o(i.BOARD_InitDebugConsole)
    BOARD_InitPins                           0x000008a1   Thumb Code    56  pin_mux.o(i.BOARD_InitPins)
    CLOCK_BootToPeeMode                      0x000008e9   Thumb Code    70  fsl_clock.o(i.CLOCK_BootToPeeMode)
    CLOCK_EnablePll0                         0x0000099d   Thumb Code    86  fsl_clock.o(i.CLOCK_EnablePll0)
    CLOCK_GetFllFreq                         0x00000ab5   Thumb Code    78  fsl_clock.o(i.CLOCK_GetFllFreq)
    CLOCK_GetPll0Freq                        0x00000bc1   Thumb Code    72  fsl_clock.o(i.CLOCK_GetPll0Freq)
    CLOCK_GetPllFllSelClkFreq                0x00000c65   Thumb Code    52  fsl_clock.o(i.CLOCK_GetPllFllSelClkFreq)
    CLOCK_InitOsc0                           0x00000c9d   Thumb Code   110  fsl_clock.o(i.CLOCK_InitOsc0)
    CLOCK_SetExternalRefClkConfig            0x00000d15   Thumb Code     6  fsl_clock.o(i.CLOCK_SetExternalRefClkConfig)
    CLOCK_SetInternalRefClkConfig            0x00000d1d   Thumb Code   166  fsl_clock.o(i.CLOCK_SetInternalRefClkConfig)
    CLOCK_SetPbeMode                         0x00000dc9   Thumb Code   126  fsl_clock.o(i.CLOCK_SetPbeMode)
    CLOCK_SetSimConfig                       0x00000e95   Thumb Code    70  fsl_clock.o(i.CLOCK_SetSimConfig)
    DbgConsole_Init                          0x00000ee5   Thumb Code    40  fsl_debug_console.o(i.DbgConsole_Init)
    I2C0_DriverIRQHandler                    0x00000f3d   Thumb Code    14  fsl_i2c.o(i.I2C0_DriverIRQHandler)
    I2C1_DriverIRQHandler                    0x00000f55   Thumb Code    14  fsl_i2c.o(i.I2C1_DriverIRQHandler)
    IO_Init                                  0x00000fb9   Thumb Code   226  fsl_io.o(i.IO_Init)
    InitLed                                  0x000010b1   Thumb Code    96  main.o(i.InitLed)
    InitSwitches                             0x00001121   Thumb Code    74  main.o(i.InitSwitches)
    LOG_Init                                 0x00001181   Thumb Code    30  fsl_log.o(i.LOG_Init)
    LPSCI_GetDefaultConfig                   0x000011a1   Thumb Code    42  fsl_lpsci.o(i.LPSCI_GetDefaultConfig)
    LPSCI_GetInstance                        0x00001215   Thumb Code    48  fsl_lpsci.o(i.LPSCI_GetInstance)
    LPSCI_Init                               0x000012ad   Thumb Code   384  fsl_lpsci.o(i.LPSCI_Init)
    PORTC_PORTD_IRQHandler                   0x00001499   Thumb Code   120  main.o(i.PORTC_PORTD_IRQHandler)
    SegLCD_DisplayDecimal                    0x00001541   Thumb Code   132  seg_lcd.o(i.SegLCD_DisplayDecimal)
    SegLCD_DisplayError                      0x000015c9   Thumb Code    62  seg_lcd.o(i.SegLCD_DisplayError)
    SegLCD_Init                              0x0000160d   Thumb Code   190  seg_lcd.o(i.SegLCD_Init)
    SegLCD_Set                               0x000016fd   Thumb Code   496  seg_lcd.o(i.SegLCD_Set)
    SysTick_Handler                          0x000018f5   Thumb Code    12  main.o(i.SysTick_Handler)
    SystemInit                               0x00001905   Thumb Code    14  system_mkl46z4.o(i.SystemInit)
    SystemInitHook                           0x00001919   Thumb Code     2  system_mkl46z4.o(i.SystemInitHook)
    UART0_DriverIRQHandler                   0x0000191d   Thumb Code    16  fsl_lpsci.o(i.UART0_DriverIRQHandler)
    UART1_DriverIRQHandler                   0x00001939   Thumb Code    16  fsl_uart.o(i.UART1_DriverIRQHandler)
    UART2_DriverIRQHandler                   0x00001955   Thumb Code    16  fsl_uart.o(i.UART2_DriverIRQHandler)
    UART_GetDefaultConfig                    0x00001971   Thumb Code    42  fsl_uart.o(i.UART_GetDefaultConfig)
    UART_GetInstance                         0x000019e5   Thumb Code    50  fsl_uart.o(i.UART_GetInstance)
    UART_Init                                0x00001a79   Thumb Code   284  fsl_uart.o(i.UART_Init)
    __ARM_common_switch8                     0x00001c01   Thumb Code    28  fsl_clock.o(i.__ARM_common_switch8)
    init_systick_interrupt                   0x00001c1d   Thumb Code    24  main.o(i.init_systick_interrupt)
    main                                     0x00001c3d   Thumb Code   276  main.o(i.main)
    mcgConfig_BOARD_BootClockRUN             0x00001d74   Data          10  clock_config.o(.constdata)
    simConfig_BOARD_BootClockRUN             0x00001d80   Data           8  clock_config.o(.constdata)
    oscConfig_BOARD_BootClockRUN             0x00001d88   Data           8  clock_config.o(.constdata)
    mcgConfig_BOARD_BootClockVLPR            0x00001d90   Data          10  clock_config.o(.constdata)
    simConfig_BOARD_BootClockVLPR            0x00001d9c   Data           8  clock_config.o(.constdata)
    oscConfig_BOARD_BootClockVLPR            0x00001da4   Data           8  clock_config.o(.constdata)
    Region$$Table$$Base                      0x00001ec4   Number         0  anon$$obj.o(Region$$Table)
    Region$$Table$$Limit                     0x00001ee4   Number         0  anon$$obj.o(Region$$Table)
    msTicks                                  0x1fffe000   Data           4  main.o(.data)
    sw2Pressed                               0x1fffe004   Data           4  main.o(.data)
    sw1Pressed                               0x1fffe008   Data           4  main.o(.data)
    g_xtal0Freq                              0x1fffe014   Data           4  fsl_clock.o(.data)
    g_xtal32Freq                             0x1fffe018   Data           4  fsl_clock.o(.data)
    SystemCoreClock                          0x1fffe040   Data           4  system_mkl46z4.o(.data)
    Image$$ARM_LIB_HEAP$$ZI$$Base            0x1fffe050   Number         0  anon$$obj.o ABSOLUTE
    Image$$ARM_LIB_HEAP$$ZI$$Limit           0x1fffe450   Number         0  anon$$obj.o ABSOLUTE
    Image$$ARM_LIB_STACK$$ZI$$Limit          0x20006000   Number         0  anon$$obj.o ABSOLUTE



==============================================================================

Memory Map of the image

  Image Entry point : 0x000004b5

  Load Region LR_m_text (Base: 0x00000000, Size: 0x00001f28, Max: 0x00040000, ABSOLUTE)

    Execution Region VECTOR_ROM (Exec base: 0x00000000, Load base: 0x00000000, Size: 0x000000c0, Max: 0x00000200, ABSOLUTE)

    Exec Addr    Load Addr    Size         Type   Attr      Idx    E Section Name        Object

    0x00000000   0x00000000   0x000000c0   Data   RO         2113    RESET               startup_mkl46z4.o


    Execution Region ER_m_flash_config (Exec base: 0x00000400, Load base: 0x00000400, Size: 0x00000010, Max: 0x00000010, ABSOLUTE, FIXED)

    Exec Addr    Load Addr    Size         Type   Attr      Idx    E Section Name        Object

    0x00000400   0x00000400   0x00000010   Data   RO         2114    FlashConfig         startup_mkl46z4.o


    Execution Region ER_m_text (Exec base: 0x00000410, Load base: 0x00000410, Size: 0x00001ad4, Max: 0x0003fbf0, ABSOLUTE)

    Exec Addr    Load Addr    Size         Type   Attr      Idx    E Section Name        Object

    0x00000410   0x00000410   0x00000008   Code   RO         2247  * !!!main             c_p.l(__main.o)
    0x00000418   0x00000418   0x0000003c   Code   RO         2481    !!!scatter          c_p.l(__scatter.o)
    0x00000454   0x00000454   0x0000001a   Code   RO         2483    !!handler_copy      c_p.l(__scatter_copy.o)
    0x0000046e   0x0000046e   0x00000002   PAD
    0x00000470   0x00000470   0x0000001c   Code   RO         2485    !!handler_zi        c_p.l(__scatter_zi.o)
    0x0000048c   0x0000048c   0x00000002   Code   RO         2419    .ARM.Collect$$libinit$$00000000  c_p.l(libinit.o)
    0x0000048e   0x0000048e   0x00000000   Code   RO         2288    .ARM.Collect$$libinit$$00000002  c_p.l(libinit2.o)
    0x0000048e   0x0000048e   0x00000000   Code   RO         2290    .ARM.Collect$$libinit$$00000004  c_p.l(libinit2.o)
    0x0000048e   0x0000048e   0x00000000   Code   RO         2293    .ARM.Collect$$libinit$$0000000A  c_p.l(libinit2.o)
    0x0000048e   0x0000048e   0x00000000   Code   RO         2295    .ARM.Collect$$libinit$$0000000C  c_p.l(libinit2.o)
    0x0000048e   0x0000048e   0x00000000   Code   RO         2297    .ARM.Collect$$libinit$$0000000E  c_p.l(libinit2.o)
    0x0000048e   0x0000048e   0x00000000   Code   RO         2300    .ARM.Collect$$libinit$$00000011  c_p.l(libinit2.o)
    0x0000048e   0x0000048e   0x00000000   Code   RO         2302    .ARM.Collect$$libinit$$00000013  c_p.l(libinit2.o)
    0x0000048e   0x0000048e   0x00000000   Code   RO         2304    .ARM.Collect$$libinit$$00000015  c_p.l(libinit2.o)
    0x0000048e   0x0000048e   0x00000000   Code   RO         2306    .ARM.Collect$$libinit$$00000017  c_p.l(libinit2.o)
    0x0000048e   0x0000048e   0x00000000   Code   RO         2308    .ARM.Collect$$libinit$$00000019  c_p.l(libinit2.o)
    0x0000048e   0x0000048e   0x00000000   Code   RO         2310    .ARM.Collect$$libinit$$0000001B  c_p.l(libinit2.o)
    0x0000048e   0x0000048e   0x00000000   Code   RO         2312    .ARM.Collect$$libinit$$0000001D  c_p.l(libinit2.o)
    0x0000048e   0x0000048e   0x00000000   Code   RO         2314    .ARM.Collect$$libinit$$0000001F  c_p.l(libinit2.o)
    0x0000048e   0x0000048e   0x00000000   Code   RO         2316    .ARM.Collect$$libinit$$00000021  c_p.l(libinit2.o)
    0x0000048e   0x0000048e   0x00000000   Code   RO         2318    .ARM.Collect$$libinit$$00000023  c_p.l(libinit2.o)
    0x0000048e   0x0000048e   0x00000000   Code   RO         2320    .ARM.Collect$$libinit$$00000025  c_p.l(libinit2.o)
    0x0000048e   0x0000048e   0x00000000   Code   RO         2324    .ARM.Collect$$libinit$$0000002C  c_p.l(libinit2.o)
    0x0000048e   0x0000048e   0x00000000   Code   RO         2326    .ARM.Collect$$libinit$$0000002E  c_p.l(libinit2.o)
    0x0000048e   0x0000048e   0x00000000   Code   RO         2328    .ARM.Collect$$libinit$$00000030  c_p.l(libinit2.o)
    0x0000048e   0x0000048e   0x00000000   Code   RO         2330    .ARM.Collect$$libinit$$00000032  c_p.l(libinit2.o)
    0x0000048e   0x0000048e   0x00000002   Code   RO         2331    .ARM.Collect$$libinit$$00000033  c_p.l(libinit2.o)
    0x00000490   0x00000490   0x00000002   Code   RO         2478    .ARM.Collect$$libshutdown$$00000000  c_p.l(libshutdown.o)
    0x00000492   0x00000492   0x00000000   Code   RO         2440    .ARM.Collect$$libshutdown$$00000002  c_p.l(libshutdown2.o)
    0x00000492   0x00000492   0x00000000   Code   RO         2442    .ARM.Collect$$libshutdown$$00000004  c_p.l(libshutdown2.o)
    0x00000492   0x00000492   0x00000000   Code   RO         2445    .ARM.Collect$$libshutdown$$00000007  c_p.l(libshutdown2.o)
    0x00000492   0x00000492   0x00000000   Code   RO         2448    .ARM.Collect$$libshutdown$$0000000A  c_p.l(libshutdown2.o)
    0x00000492   0x00000492   0x00000000   Code   RO         2450    .ARM.Collect$$libshutdown$$0000000C  c_p.l(libshutdown2.o)
    0x00000492   0x00000492   0x00000000   Code   RO         2453    .ARM.Collect$$libshutdown$$0000000F  c_p.l(libshutdown2.o)
    0x00000492   0x00000492   0x00000002   Code   RO         2454    .ARM.Collect$$libshutdown$$00000010  c_p.l(libshutdown2.o)
    0x00000494   0x00000494   0x00000000   Code   RO         2251    .ARM.Collect$$rtentry$$00000000  c_p.l(__rtentry.o)
    0x00000494   0x00000494   0x00000000   Code   RO         2342    .ARM.Collect$$rtentry$$00000002  c_p.l(__rtentry2.o)
    0x00000494   0x00000494   0x00000004   Code   RO         2356    .ARM.Collect$$rtentry$$00000007  c_p.l(__rtentry7.o)
    0x00000498   0x00000498   0x00000000   Code   RO         2344    .ARM.Collect$$rtentry$$00000009  c_p.l(__rtentry2.o)
    0x00000498   0x00000498   0x00000004   Code   RO         2345    .ARM.Collect$$rtentry$$0000000A  c_p.l(__rtentry2.o)
    0x0000049c   0x0000049c   0x00000000   Code   RO         2347    .ARM.Collect$$rtentry$$0000000C  c_p.l(__rtentry2.o)
    0x0000049c   0x0000049c   0x00000008   Code   RO         2348    .ARM.Collect$$rtentry$$0000000D  c_p.l(__rtentry2.o)
    0x000004a4   0x000004a4   0x00000004   Code   RO         2357    .ARM.Collect$$rtentry$$00002718  c_p.l(__rtentry7.o)
    0x000004a8   0x000004a8   0x00000002   Code   RO         2423    .ARM.Collect$$rtexit$$00000000  c_p.l(rtexit.o)
    0x000004aa   0x000004aa   0x00000000   Code   RO         2456    .ARM.Collect$$rtexit$$00000002  c_p.l(rtexit2.o)
    0x000004aa   0x000004aa   0x00000004   Code   RO         2457    .ARM.Collect$$rtexit$$00000003  c_p.l(rtexit2.o)
    0x000004ae   0x000004ae   0x00000006   Code   RO         2458    .ARM.Collect$$rtexit$$00000004  c_p.l(rtexit2.o)
    0x000004b4   0x000004b4   0x0000009c   Code   RO         2115  * .text               startup_mkl46z4.o
    0x00000550   0x00000550   0x0000007c   Code   RO         2233    .text               c_p.l(assert.o)
    0x000005cc   0x000005cc   0x0000015a   Code   RO         2243    .text               c_p.l(aeabi_sdiv.o)
    0x00000726   0x00000726   0x00000014   Code   RO         2281    .text               c_p.l(abort.o)
    0x0000073a   0x0000073a   0x00000014   Code   RO         2283    .text               c_p.l(assert_puts.o)
    0x0000074e   0x0000074e   0x0000000c   Code   RO         2332    .text               c_p.l(sys_wrch.o)
    0x0000075a   0x0000075a   0x00000002   PAD
    0x0000075c   0x0000075c   0x0000000c   Code   RO         2336    .text               c_p.l(sys_exit.o)
    0x00000768   0x00000768   0x0000000c   Code   RO         2371    .text               c_p.l(defsig_abrt_outer.o)
    0x00000774   0x00000774   0x00000002   Code   RO         2388    .text               c_p.l(use_no_semi.o)
    0x00000776   0x00000776   0x00000000   Code   RO         2390    .text               c_p.l(indicate_semi.o)
    0x00000776   0x00000776   0x00000010   Code   RO         2398    .text               c_p.l(exit.o)
    0x00000786   0x00000786   0x0000000c   Code   RO         2400    .text               c_p.l(defsig_exit.o)
    0x00000792   0x00000792   0x00000002   PAD
    0x00000794   0x00000794   0x00000030   Code   RO         2402    .text               c_p.l(defsig_abrt_inner.o)
    0x000007c4   0x000007c4   0x00000034   Code   RO         2431    .text               c_p.l(defsig_general.o)
    0x000007f8   0x000007f8   0x0000006c   Code   RO          222    i.BOARD_BootClockRUN  clock_config.o
    0x00000864   0x00000864   0x0000003c   Code   RO          188    i.BOARD_InitDebugConsole  board.o
    0x000008a0   0x000008a0   0x00000048   Code   RO          288    i.BOARD_InitPins    pin_mux.o
    0x000008e8   0x000008e8   0x00000098   Code   RO          332    i.CLOCK_BootToPeeMode  fsl_clock.o
    0x00000980   0x00000980   0x0000001c   Code   RO          225    i.CLOCK_CONFIG_SetFllExtRefDiv  clock_config.o
    0x0000099c   0x0000099c   0x000000a4   Code   RO          336    i.CLOCK_EnablePll0  fsl_clock.o
    0x00000a40   0x00000a40   0x00000074   Code   RO          345    i.CLOCK_GetFllExtRefClkFreq  fsl_clock.o
    0x00000ab4   0x00000ab4   0x00000058   Code   RO          346    i.CLOCK_GetFllFreq  fsl_clock.o
    0x00000b0c   0x00000b0c   0x00000024   Code   RO          347    i.CLOCK_GetFllRefClkFreq  fsl_clock.o
    0x00000b30   0x00000b30   0x0000006c   Code   RO          351    i.CLOCK_GetMcgExtClkFreq  fsl_clock.o
    0x00000b9c   0x00000b9c   0x00000024   Code   RO          354    i.CLOCK_GetOscRangeFromFreq  fsl_clock.o
    0x00000bc0   0x00000bc0   0x0000009c   Code   RO          357    i.CLOCK_GetPll0Freq  fsl_clock.o
    0x00000c5c   0x00000c5c   0x00000008   Code   RO          358    i.CLOCK_GetPll0RefFreq  fsl_clock.o
    0x00000c64   0x00000c64   0x00000038   Code   RO          359    i.CLOCK_GetPllFllSelClkFreq  fsl_clock.o
    0x00000c9c   0x00000c9c   0x00000078   Code   RO          361    i.CLOCK_InitOsc0    fsl_clock.o
    0x00000d14   0x00000d14   0x00000006   Code   RO          365    i.CLOCK_SetExternalRefClkConfig  fsl_clock.o
    0x00000d1a   0x00000d1a   0x00000002   PAD
    0x00000d1c   0x00000d1c   0x000000ac   Code   RO          370    i.CLOCK_SetInternalRefClkConfig  fsl_clock.o
    0x00000dc8   0x00000dc8   0x000000cc   Code   RO          373    i.CLOCK_SetPbeMode  fsl_clock.o
    0x00000e94   0x00000e94   0x00000050   Code   RO          376    i.CLOCK_SetSimConfig  fsl_clock.o
    0x00000ee4   0x00000ee4   0x00000058   Code   RO         1864    i.DbgConsole_Init   fsl_debug_console.o
    0x00000f3c   0x00000f3c   0x00000018   Code   RO         1097    i.I2C0_DriverIRQHandler  fsl_i2c.o
    0x00000f54   0x00000f54   0x00000018   Code   RO         1098    i.I2C1_DriverIRQHandler  fsl_i2c.o
    0x00000f6c   0x00000f6c   0x0000004c   Code   RO         1134    i.I2C_TransferCommonIRQHandler  fsl_i2c.o
    0x00000fb8   0x00000fb8   0x000000f8   Code   RO         1958    i.IO_Init           fsl_io.o
    0x000010b0   0x000010b0   0x00000070   Code   RO            6    i.InitLed           main.o
    0x00001120   0x00001120   0x00000060   Code   RO            7    i.InitSwitches      main.o
    0x00001180   0x00001180   0x0000001e   Code   RO         2008    i.LOG_Init          fsl_log.o
    0x0000119e   0x0000119e   0x00000002   PAD
    0x000011a0   0x000011a0   0x00000074   Code   RO         1362    i.LPSCI_GetDefaultConfig  fsl_lpsci.o
    0x00001214   0x00001214   0x00000098   Code   RO         1364    i.LPSCI_GetInstance  fsl_lpsci.o
    0x000012ac   0x000012ac   0x000001ec   Code   RO         1366    i.LPSCI_Init        fsl_lpsci.o
    0x00001498   0x00001498   0x0000008c   Code   RO            8    i.PORTC_PORTD_IRQHandler  main.o
    0x00001524   0x00001524   0x0000001c   Code   RO          289    i.PORT_SetPinMux    pin_mux.o
    0x00001540   0x00001540   0x00000088   Code   RO          130    i.SegLCD_DisplayDecimal  seg_lcd.o
    0x000015c8   0x000015c8   0x00000044   Code   RO          131    i.SegLCD_DisplayError  seg_lcd.o
    0x0000160c   0x0000160c   0x000000f0   Code   RO          134    i.SegLCD_Init       seg_lcd.o
    0x000016fc   0x000016fc   0x000001f8   Code   RO          135    i.SegLCD_Set        seg_lcd.o
    0x000018f4   0x000018f4   0x00000010   Code   RO            9    i.SysTick_Handler   main.o
    0x00001904   0x00001904   0x00000014   Code   RO         2122    i.SystemInit        system_mkl46z4.o
    0x00001918   0x00001918   0x00000002   Code   RO         2123    i.SystemInitHook    system_mkl46z4.o
    0x0000191a   0x0000191a   0x00000002   PAD
    0x0000191c   0x0000191c   0x0000001c   Code   RO         1385    i.UART0_DriverIRQHandler  fsl_lpsci.o
    0x00001938   0x00001938   0x0000001c   Code   RO         1657    i.UART1_DriverIRQHandler  fsl_uart.o
    0x00001954   0x00001954   0x0000001c   Code   RO         1659    i.UART2_DriverIRQHandler  fsl_uart.o
    0x00001970   0x00001970   0x00000074   Code   RO         1665    i.UART_GetDefaultConfig  fsl_uart.o
    0x000019e4   0x000019e4   0x00000094   Code   RO         1667    i.UART_GetInstance  fsl_uart.o
    0x00001a78   0x00001a78   0x00000188   Code   RO         1669    i.UART_Init         fsl_uart.o
    0x00001c00   0x00001c00   0x0000001c   Code   RO          634    i.__ARM_common_switch8  fsl_clock.o
    0x00001c1c   0x00001c1c   0x00000020   Code   RO           10    i.init_systick_interrupt  main.o
    0x00001c3c   0x00001c3c   0x0000012c   Code   RO           11    i.main              main.o
    0x00001d68   0x00001d68   0x0000000c   Data   RO          136    .constdata          seg_lcd.o
    0x00001d74   0x00001d74   0x00000038   Data   RO          226    .constdata          clock_config.o
    0x00001dac   0x00001dac   0x00000060   Data   RO          378    .constdata          fsl_clock.o
    0x00001e0c   0x00001e0c   0x0000000c   Data   RO         1386    .constdata          fsl_lpsci.o
    0x00001e18   0x00001e18   0x0000001c   Data   RO         1689    .constdata          fsl_uart.o
    0x00001e34   0x00001e34   0x00000049   Data   RO         1871    .conststring        fsl_debug_console.o
    0x00001e7d   0x00001e7d   0x00000003   PAD
    0x00001e80   0x00001e80   0x00000041   Data   RO         1961    .conststring        fsl_io.o
    0x00001ec1   0x00001ec1   0x00000003   PAD
    0x00001ec4   0x00001ec4   0x00000020   Data   RO         2479    Region$$Table       anon$$obj.o


    Execution Region RW_m_data (Exec base: 0x1fffe000, Load base: 0x00001ee4, Size: 0x00000050, Max: 0x00007800, ABSOLUTE)

    Exec Addr    Load Addr    Size         Type   Attr      Idx    E Section Name        Object

    0x1fffe000   0x00001ee4   0x0000000c   Data   RW           12    .data               main.o
    0x1fffe00c   0x00001ef0   0x00000010   Data   RW          379    .data               fsl_clock.o
    0x1fffe01c   0x00001f00   0x00000010   Data   RW         1136    .data               fsl_i2c.o
    0x1fffe02c   0x00001f10   0x00000008   Data   RW         1387    .data               fsl_lpsci.o
    0x1fffe034   0x00001f18   0x00000004   Data   RW         1690    .data               fsl_uart.o
    0x1fffe038   0x00001f1c   0x00000008   Data   RW         1962    .data               fsl_io.o
    0x1fffe040   0x00001f24   0x00000004   Data   RW         2124    .data               system_mkl46z4.o
    0x1fffe044        -       0x0000000c   Zero   RW         1688    .bss                fsl_uart.o


    Execution Region ARM_LIB_HEAP (Exec base: 0x1fffe050, Load base: 0x00001f28, Size: 0x00000400, Max: 0x00000400, ABSOLUTE)

    Exec Addr    Load Addr    Size         Type   Attr      Idx    E Section Name        Object

    0x1fffe050        -       0x00000400   Zero   RW            1    ARM_LIB_HEAP.bss    anon$$obj.o


    Execution Region ARM_LIB_STACK (Exec base: 0x20005c00, Load base: 0x00001f28, Size: 0x00000400, Max: 0x00000400, ABSOLUTE)

    Exec Addr    Load Addr    Size         Type   Attr      Idx    E Section Name        Object

    0x20005c00        -       0x00000400   Zero   RW            2    ARM_LIB_STACK.bss   anon$$obj.o


==============================================================================

Image component sizes


      Code (inc. data)   RO Data    RW Data    ZI Data      Debug   Object Name

        60          8          0          0          0       6764   board.o
       136         40         56          0          0       8655   clock_config.o
      1530        476         96         16          0      19575   fsl_clock.o
        88         48         73          0          0        722   fsl_debug_console.o
       124         30          0         16          0      15788   fsl_i2c.o
       248         22         65          8          0       8514   fsl_io.o
        30          0          0          0          0       1191   fsl_log.o
       788        298         12          8          0      11083   fsl_lpsci.o
       712        304         28          4         12       7197   fsl_uart.o
       696         94          0         12          0     295652   main.o
       100         16          0          0          0       9300   pin_mux.o
       948         68         12          0          0       3005   seg_lcd.o
       156         70        208          0          0       1176   startup_mkl46z4.o
        22          6          0          4          0       1164   system_mkl46z4.o

    ----------------------------------------------------------------------
      5644       1480        588         68       2060     389786   Object Totals
         0          0         32          0       2048          0   (incl. Generated)
         6          0          6          0          0          0   (incl. Padding)

    ----------------------------------------------------------------------

      Code (inc. data)   RO Data    RW Data    ZI Data      Debug   Library Member Name

         8          0          0          0          0         68   __main.o
         0          0          0          0          0          0   __rtentry.o
        12          0          0          0          0          0   __rtentry2.o
         8          4          0          0          0          0   __rtentry7.o
        60          8          0          0          0          0   __scatter.o
        26          0          0          0          0          0   __scatter_copy.o
        28          0          0          0          0          0   __scatter_zi.o
        20          0          0          0          0         68   abort.o
       346          0          0          0          0         92   aeabi_sdiv.o
       124         42          0          0          0         68   assert.o
        20          0          0          0          0         68   assert_puts.o
        48         34          0          0          0         68   defsig_abrt_inner.o
        12          0          0          0          0         68   defsig_abrt_outer.o
        12          0          0          0          0         68   defsig_exit.o
        52          0          0          0          0         72   defsig_general.o
        16          0          0          0          0         68   exit.o
         0          0          0          0          0          0   indicate_semi.o
         2          0          0          0          0          0   libinit.o
         2          0          0          0          0          0   libinit2.o
         2          0          0          0          0          0   libshutdown.o
         2          0          0          0          0          0   libshutdown2.o
         2          0          0          0          0          0   rtexit.o
        10          0          0          0          0          0   rtexit2.o
        12          4          0          0          0         60   sys_exit.o
        12          0          0          0          0         68   sys_wrch.o
         2          0          0          0          0         68   use_no_semi.o

    ----------------------------------------------------------------------
       844         92          0          0          0        904   Library Totals
         6          0          0          0          0          0   (incl. Padding)

    ----------------------------------------------------------------------

      Code (inc. data)   RO Data    RW Data    ZI Data      Debug   Library Name

       838         92          0          0          0        904   c_p.l

    ----------------------------------------------------------------------
       844         92          0          0          0        904   Library Totals

    ----------------------------------------------------------------------

==============================================================================


      Code (inc. data)   RO Data    RW Data    ZI Data      Debug   

      6488       1572        588         68       2060     388318   Grand Totals
      6488       1572        588         68       2060     388318   ELF Image Totals
      6488       1572        588         68          0          0   ROM Totals

==============================================================================

    Total RO  Size (Code + RO Data)                 7076 (   6.91kB)
    Total RW  Size (RW Data + ZI Data)              2128 (   2.08kB)
    Total ROM Size (Code + RO Data + RW Data)       7144 (   6.98kB)

==============================================================================

